

================================================================
== Vivado HLS Report for 'backsub_process'
================================================================
* Date:           Thu Jan 11 16:44:55 2018

* Version:        2015.4 (Build 1412921 on Wed Nov 18 09:58:55 AM 2015)
* Project:        backsub_gmm_new_180110
* Solution:       solution1
* Product family: zynq
* Target device:  xc7z020clg484-1


================================================================
== Performance Estimates
================================================================
+ Timing (ns): 
    * Summary: 
    +--------+-------+----------+------------+
    |  Clock | Target| Estimated| Uncertainty|
    +--------+-------+----------+------------+
    |ap_clk  |  10.00|      8.64|        1.25|
    +--------+-------+----------+------------+

+ Latency (clock cycles): 
    * Summary: 
    +--------+--------+--------+--------+---------+
    |     Latency     |     Interval    | Pipeline|
    |   min  |   max  |   min  |   max  |   Type  |
    +--------+--------+--------+--------+---------+
    |  168007|  903367|  168007|  903367|   none  |
    +--------+--------+--------+--------+---------+

    + Detail: 
        * Instance: 
        N/A

        * Loop: 
        +-----------------+--------+--------+----------------+-----------+-----------+-------+----------+
        |                 |     Latency     |    Iteration   |  Initiation Interval  |  Trip |          |
        |    Loop Name    |   min  |   max  |     Latency    |  achieved |   target  | Count | Pipelined|
        +-----------------+--------+--------+----------------+-----------+-----------+-------+----------+
        |- Loop 1         |  168006|  903366| 56002 ~ 301122 |          -|          -|      3|    no    |
        | + Loop 1.1      |  132160|  301120|    413 ~ 941   |          -|          -|    320|    no    |
        |  ++ Loop 1.1.1  |      92|     275|              92|          -|          -| 1 ~ 2 |    no    |
        |  ++ Loop 1.1.2  |       0|     127|              87|          -|          -| 0 ~ 1 |    no    |
        |  ++ Loop 1.1.3  |      47|      94|              47|          -|          -| 1 ~ 2 |    no    |
        |  ++ Loop 1.1.4  |     170|     170|              85|          -|          -|      2|    no    |
        | + Loop 1.2      |   56000|  155520|    175 ~ 486   |          -|          -|    320|    no    |
        |  ++ Loop 1.2.1  |      88|     263|              88|          -|          -| 1 ~ 2 |    no    |
        |  ++ Loop 1.2.2  |      45|     134|              45|          -|          -| 1 ~ 2 |    no    |
        +-----------------+--------+--------+----------------+-----------+-----------+-------+----------+



================================================================
== Utilization Estimates
================================================================
* Summary: 
+-----------------+---------+-------+--------+-------+
|       Name      | BRAM_18K| DSP48E|   FF   |  LUT  |
+-----------------+---------+-------+--------+-------+
|DSP              |        -|      -|       -|      -|
|Expression       |        -|      -|       0|   1446|
|FIFO             |        -|      -|       -|      -|
|Instance         |        -|    119|    9452|  13688|
|Memory           |        -|      -|       -|      -|
|Multiplexer      |        -|      -|       -|   5831|
|Register         |        -|      -|    4971|      -|
+-----------------+---------+-------+--------+-------+
|Total            |        0|    119|   14423|  20965|
+-----------------+---------+-------+--------+-------+
|Available        |      280|    220|  106400|  53200|
+-----------------+---------+-------+--------+-------+
|Utilization (%)  |        0|     54|      13|     39|
+-----------------+---------+-------+--------+-------+

+ Detail: 
    * Instance: 
    +---------------------------------------------+------------------------------------------+---------+-------+-----+-----+
    |                   Instance                  |                  Module                  | BRAM_18K| DSP48E|  FF | LUT |
    +---------------------------------------------+------------------------------------------+---------+-------+-----+-----+
    |backsub_fadd_32ns_32ns_32_5_full_dsp_U2      |backsub_fadd_32ns_32ns_32_5_full_dsp      |        0|      2|  205|  390|
    |backsub_faddfsub_32ns_32ns_32_5_full_dsp_U1  |backsub_faddfsub_32ns_32ns_32_5_full_dsp  |        0|      2|  205|  390|
    |backsub_fcmp_32ns_32ns_1_1_U7                |backsub_fcmp_32ns_32ns_1_1                |        0|      0|   66|  239|
    |backsub_fdiv_32ns_32ns_32_16_U5              |backsub_fdiv_32ns_32ns_32_16              |        0|      0|  761|  994|
    |backsub_fmul_32ns_32ns_32_4_max_dsp_U3       |backsub_fmul_32ns_32ns_32_4_max_dsp       |        0|      3|  143|  321|
    |backsub_fmul_32ns_32ns_32_4_max_dsp_U4       |backsub_fmul_32ns_32ns_32_4_max_dsp       |        0|      3|  143|  321|
    |backsub_fsqrt_32ns_32ns_32_12_U8             |backsub_fsqrt_32ns_32ns_32_12             |        0|      0|  405|  615|
    |backsub_mul_33ns_35ns_67_6_U38               |backsub_mul_33ns_35ns_67_6                |        0|      4|    0|    0|
    |backsub_mul_33ns_35ns_67_6_U40               |backsub_mul_33ns_35ns_67_6                |        0|      4|    0|    0|
    |backsub_mul_33ns_35ns_67_6_U42               |backsub_mul_33ns_35ns_67_6                |        0|      4|    0|    0|
    |backsub_mul_33ns_35ns_67_6_U44               |backsub_mul_33ns_35ns_67_6                |        0|      4|    0|    0|
    |backsub_mul_33ns_35ns_67_6_U46               |backsub_mul_33ns_35ns_67_6                |        0|      4|    0|    0|
    |backsub_mul_33ns_35ns_67_6_U52               |backsub_mul_33ns_35ns_67_6                |        0|      4|    0|    0|
    |backsub_mul_33ns_35ns_67_6_U54               |backsub_mul_33ns_35ns_67_6                |        0|      4|    0|    0|
    |backsub_mul_33ns_35ns_67_6_U56               |backsub_mul_33ns_35ns_67_6                |        0|      4|    0|    0|
    |backsub_mul_33ns_35ns_67_6_U67               |backsub_mul_33ns_35ns_67_6                |        0|      4|    0|    0|
    |backsub_mul_33ns_35ns_67_6_U70               |backsub_mul_33ns_35ns_67_6                |        0|      4|    0|    0|
    |backsub_mul_33ns_35ns_67_6_U72               |backsub_mul_33ns_35ns_67_6                |        0|      4|    0|    0|
    |backsub_mul_33ns_35ns_67_6_U74               |backsub_mul_33ns_35ns_67_6                |        0|      4|    0|    0|
    |backsub_mul_33ns_35ns_67_6_U78               |backsub_mul_33ns_35ns_67_6                |        0|      4|    0|    0|
    |backsub_mul_33ns_35ns_67_6_U81               |backsub_mul_33ns_35ns_67_6                |        0|      4|    0|    0|
    |backsub_mul_34ns_36ns_69_6_U9                |backsub_mul_34ns_36ns_69_6                |        0|      4|    0|    0|
    |backsub_mul_34ns_36ns_69_6_U26               |backsub_mul_34ns_36ns_69_6                |        0|      4|    0|    0|
    |backsub_mul_35ns_33ns_67_6_U12               |backsub_mul_35ns_33ns_67_6                |        0|      4|    0|    0|
    |backsub_mul_35ns_33ns_67_6_U15               |backsub_mul_35ns_33ns_67_6                |        0|      4|    0|    0|
    |backsub_mul_35ns_33ns_67_6_U17               |backsub_mul_35ns_33ns_67_6                |        0|      4|    0|    0|
    |backsub_mul_35ns_33ns_67_6_U21               |backsub_mul_35ns_33ns_67_6                |        0|      4|    0|    0|
    |backsub_mul_35ns_33ns_67_6_U29               |backsub_mul_35ns_33ns_67_6                |        0|      4|    0|    0|
    |backsub_mul_35ns_33ns_67_6_U32               |backsub_mul_35ns_33ns_67_6                |        0|      4|    0|    0|
    |backsub_mul_35ns_33ns_67_6_U34               |backsub_mul_35ns_33ns_67_6                |        0|      4|    0|    0|
    |backsub_mul_35ns_33ns_67_6_U48               |backsub_mul_35ns_33ns_67_6                |        0|      4|    0|    0|
    |backsub_mul_36ns_34ns_69_6_U24               |backsub_mul_36ns_34ns_69_6                |        0|      4|    0|    0|
    |backsub_mul_36ns_34ns_69_6_U76               |backsub_mul_36ns_34ns_69_6                |        0|      4|    0|    0|
    |backsub_mul_36ns_38ns_73_7_U64               |backsub_mul_36ns_38ns_73_7                |        0|      5|    0|    0|
    |backsub_mux_8to1_sel64_32_1_U14              |backsub_mux_8to1_sel64_32_1               |        0|      0|    0|   64|
    |backsub_mux_8to1_sel64_32_1_U19              |backsub_mux_8to1_sel64_32_1               |        0|      0|    0|   64|
    |backsub_mux_8to1_sel64_32_1_U20              |backsub_mux_8to1_sel64_32_1               |        0|      0|    0|   64|
    |backsub_mux_8to1_sel64_32_1_U23              |backsub_mux_8to1_sel64_32_1               |        0|      0|    0|   64|
    |backsub_mux_8to1_sel64_32_1_U31              |backsub_mux_8to1_sel64_32_1               |        0|      0|    0|   64|
    |backsub_mux_8to1_sel64_32_1_U36              |backsub_mux_8to1_sel64_32_1               |        0|      0|    0|   64|
    |backsub_mux_8to1_sel64_32_1_U37              |backsub_mux_8to1_sel64_32_1               |        0|      0|    0|   64|
    |backsub_mux_8to1_sel64_32_1_U50              |backsub_mux_8to1_sel64_32_1               |        0|      0|    0|   64|
    |backsub_mux_8to1_sel64_32_1_U51              |backsub_mux_8to1_sel64_32_1               |        0|      0|    0|   64|
    |backsub_mux_8to1_sel64_32_1_U58              |backsub_mux_8to1_sel64_32_1               |        0|      0|    0|   64|
    |backsub_mux_8to1_sel64_32_1_U59              |backsub_mux_8to1_sel64_32_1               |        0|      0|    0|   64|
    |backsub_mux_8to1_sel64_32_1_U60              |backsub_mux_8to1_sel64_32_1               |        0|      0|    0|   64|
    |backsub_mux_8to1_sel64_32_1_U61              |backsub_mux_8to1_sel64_32_1               |        0|      0|    0|   64|
    |backsub_mux_8to1_sel64_32_1_U62              |backsub_mux_8to1_sel64_32_1               |        0|      0|    0|   64|
    |backsub_mux_8to1_sel64_32_1_U63              |backsub_mux_8to1_sel64_32_1               |        0|      0|    0|   64|
    |backsub_mux_8to1_sel64_32_1_U66              |backsub_mux_8to1_sel64_32_1               |        0|      0|    0|   64|
    |backsub_mux_8to1_sel64_32_1_U69              |backsub_mux_8to1_sel64_32_1               |        0|      0|    0|   64|
    |backsub_mux_8to1_sel64_32_1_U80              |backsub_mux_8to1_sel64_32_1               |        0|      0|    0|   64|
    |backsub_mux_8to1_sel64_32_1_U83              |backsub_mux_8to1_sel64_32_1               |        0|      0|    0|   64|
    |backsub_mux_8to1_sel64_8_1_U11               |backsub_mux_8to1_sel64_8_1                |        0|      0|    0|   64|
    |backsub_mux_8to1_sel64_8_1_U28               |backsub_mux_8to1_sel64_8_1                |        0|      0|    0|   64|
    |backsub_sitofp_32ns_32_6_U6                  |backsub_sitofp_32ns_32_6                  |        0|      0|  340|  554|
    |backsub_urem_33ns_12ns_33_37_seq_U13         |backsub_urem_33ns_12ns_33_37_seq          |        0|      0|  264|  313|
    |backsub_urem_33ns_12ns_33_37_seq_U16         |backsub_urem_33ns_12ns_33_37_seq          |        0|      0|  264|  313|
    |backsub_urem_33ns_12ns_33_37_seq_U18         |backsub_urem_33ns_12ns_33_37_seq          |        0|      0|  264|  313|
    |backsub_urem_33ns_12ns_33_37_seq_U22         |backsub_urem_33ns_12ns_33_37_seq          |        0|      0|  264|  313|
    |backsub_urem_33ns_12ns_33_37_seq_U30         |backsub_urem_33ns_12ns_33_37_seq          |        0|      0|  264|  313|
    |backsub_urem_33ns_12ns_33_37_seq_U33         |backsub_urem_33ns_12ns_33_37_seq          |        0|      0|  264|  313|
    |backsub_urem_33ns_12ns_33_37_seq_U35         |backsub_urem_33ns_12ns_33_37_seq          |        0|      0|  264|  313|
    |backsub_urem_33ns_12ns_33_37_seq_U39         |backsub_urem_33ns_12ns_33_37_seq          |        0|      0|  264|  313|
    |backsub_urem_33ns_12ns_33_37_seq_U41         |backsub_urem_33ns_12ns_33_37_seq          |        0|      0|  264|  313|
    |backsub_urem_33ns_12ns_33_37_seq_U43         |backsub_urem_33ns_12ns_33_37_seq          |        0|      0|  264|  313|
    |backsub_urem_33ns_12ns_33_37_seq_U45         |backsub_urem_33ns_12ns_33_37_seq          |        0|      0|  264|  313|
    |backsub_urem_33ns_12ns_33_37_seq_U47         |backsub_urem_33ns_12ns_33_37_seq          |        0|      0|  264|  313|
    |backsub_urem_33ns_12ns_33_37_seq_U49         |backsub_urem_33ns_12ns_33_37_seq          |        0|      0|  264|  313|
    |backsub_urem_33ns_12ns_33_37_seq_U53         |backsub_urem_33ns_12ns_33_37_seq          |        0|      0|  264|  313|
    |backsub_urem_33ns_12ns_33_37_seq_U55         |backsub_urem_33ns_12ns_33_37_seq          |        0|      0|  264|  313|
    |backsub_urem_33ns_12ns_33_37_seq_U57         |backsub_urem_33ns_12ns_33_37_seq          |        0|      0|  264|  313|
    |backsub_urem_33ns_12ns_33_37_seq_U68         |backsub_urem_33ns_12ns_33_37_seq          |        0|      0|  264|  313|
    |backsub_urem_33ns_12ns_33_37_seq_U71         |backsub_urem_33ns_12ns_33_37_seq          |        0|      0|  264|  313|
    |backsub_urem_33ns_12ns_33_37_seq_U73         |backsub_urem_33ns_12ns_33_37_seq          |        0|      0|  264|  313|
    |backsub_urem_33ns_12ns_33_37_seq_U75         |backsub_urem_33ns_12ns_33_37_seq          |        0|      0|  264|  313|
    |backsub_urem_33ns_12ns_33_37_seq_U79         |backsub_urem_33ns_12ns_33_37_seq          |        0|      0|  264|  313|
    |backsub_urem_33ns_12ns_33_37_seq_U82         |backsub_urem_33ns_12ns_33_37_seq          |        0|      0|  264|  313|
    |backsub_urem_34ns_11ns_34_38_seq_U10         |backsub_urem_34ns_11ns_34_38_seq          |        0|      0|  272|  323|
    |backsub_urem_34ns_11ns_34_38_seq_U25         |backsub_urem_34ns_11ns_34_38_seq          |        0|      0|  272|  323|
    |backsub_urem_34ns_11ns_34_38_seq_U27         |backsub_urem_34ns_11ns_34_38_seq          |        0|      0|  272|  323|
    |backsub_urem_34ns_11ns_34_38_seq_U77         |backsub_urem_34ns_11ns_34_38_seq          |        0|      0|  272|  323|
    |backsub_urem_36ns_12ns_36_40_seq_U65         |backsub_urem_36ns_12ns_36_40_seq          |        0|      0|  288|  342|
    +---------------------------------------------+------------------------------------------+---------+-------+-----+-----+
    |Total                                        |                                          |        0|    119| 9452|13688|
    +---------------------------------------------+------------------------------------------+---------+-------+-----+-----+

    * DSP48: 
    N/A

    * Memory: 
    N/A

    * FIFO: 
    N/A

    * Expression: 
    +--------------------------+----------+-------+---+----+------------+------------+
    |       Variable Name      | Operation| DSP48E| FF| LUT| Bitwidth P0| Bitwidth P1|
    +--------------------------+----------+-------+---+----+------------+------------+
    |k1_fu_4210_p2             |     +    |      0|  0|   2|           2|           2|
    |kForeground_1_fu_5009_p2  |     +    |      0|  0|   2|           2|           1|
    |k_11_fu_3281_p2           |     +    |      0|  0|   2|           2|           1|
    |k_2_fu_3574_p2            |     +    |      0|  0|   2|           2|           1|
    |k_4_fu_2924_p2            |     +    |      0|  0|   2|           2|           1|
    |k_8_fu_4715_p2            |     +    |      0|  0|  32|          32|           1|
    |mptr_0_sum1_fu_3584_p2    |     +    |      0|  0|  11|          11|          11|
    |mptr_0_sum2_fu_2934_p2    |     +    |      0|  0|  11|          11|          11|
    |mptr_0_sum3_fu_4226_p2    |     +    |      0|  0|  11|          11|          11|
    |mptr_0_sum7_fu_5019_p2    |     +    |      0|  0|  11|          11|          11|
    |mptr_1_sum_fu_3564_p2     |     +    |      0|  0|  11|          11|          11|
    |mptr_2_sum_fu_2906_p2     |     +    |      0|  0|  11|          11|          11|
    |mptr_3_rec_fu_2821_p2     |     +    |      0|  0|  11|          11|          10|
    |p_rec1_fu_5295_p2         |     +    |      0|  0|  10|          10|           2|
    |p_rec_fu_3479_p2          |     +    |      0|  0|  10|          10|           2|
    |src_0_sum3_fu_2816_p2     |     +    |      0|  0|  33|          33|          33|
    |src_0_sum_fu_2795_p2      |     +    |      0|  0|  33|          33|          33|
    |sum10_fu_3406_p2          |     +    |      0|  0|  34|          34|          34|
    |sum11_fu_3975_p2          |     +    |      0|  0|  33|          33|          33|
    |sum12_fu_4234_p2          |     +    |      0|  0|  33|          33|          33|
    |sum13_fu_4026_p2          |     +    |      0|  0|  33|          33|          33|
    |sum14_fu_4405_p2          |     +    |      0|  0|  33|          33|          33|
    |sum15_fu_4425_p2          |     +    |      0|  0|  33|          33|          33|
    |sum16_fu_4445_p2          |     +    |      0|  0|  33|          33|          33|
    |sum17_fu_4047_p2          |     +    |      0|  0|  33|          33|          33|
    |sum18_fu_4068_p2          |     +    |      0|  0|  33|          33|          33|
    |sum19_fu_4089_p2          |     +    |      0|  0|  33|          33|          33|
    |sum1_fu_3592_p2           |     +    |      0|  0|  33|          33|          33|
    |sum20_fu_4957_p2          |     +    |      0|  0|  33|          33|          33|
    |sum21_fu_4802_p2          |     +    |      0|  0|  33|          33|          33|
    |sum22_fu_5120_p2          |     +    |      0|  0|  33|          33|          33|
    |sum23_fu_4710_p2          |     +    |      0|  0|  36|          36|          36|
    |sum24_fu_4873_p2          |     +    |      0|  0|  33|          33|          33|
    |sum25_fu_4915_p2          |     +    |      0|  0|  33|          33|          33|
    |sum26_fu_5052_p2          |     +    |      0|  0|  33|          33|          33|
    |sum2_fu_2942_p2           |     +    |      0|  0|  33|          33|          33|
    |sum3_fu_3700_p2           |     +    |      0|  0|  33|          33|          33|
    |sum4_fu_3730_p2           |     +    |      0|  0|  33|          33|          33|
    |sum5_fu_3051_p2           |     +    |      0|  0|  33|          33|          33|
    |sum6_fu_2830_p2           |     +    |      0|  0|  34|          34|          34|
    |sum7_fu_3081_p2           |     +    |      0|  0|  33|          33|          33|
    |sum8_fu_3296_p2           |     +    |      0|  0|  16|          33|          33|
    |sum9_fu_5029_p2           |     +    |      0|  0|  34|          34|          34|
    |sum_fu_3488_p2            |     +    |      0|  0|  34|          34|          34|
    |tmp1_fu_4701_p2           |     +    |      0|  0|  34|          34|          34|
    |tmp2_fu_3291_p2           |     +    |      0|  0|  16|          33|          33|
    |x_2_fu_2785_p2            |     +    |      0|  0|   9|           9|           1|
    |x_3_fu_2806_p2            |     +    |      0|  0|   9|           9|           1|
    |y_1_fu_2735_p2            |     +    |      0|  0|   2|           2|           1|
    |tmp_1_fu_2765_p2          |     -    |      0|  0|  11|          11|          11|
    |p_kForeground_fu_5244_p3  |  Select  |      0|  0|  32|           1|          32|
    |tmp_40_cast_fu_3452_p3    |  Select  |      0|  0|   2|           1|           2|
    |tmp_42_fu_5267_p3         |  Select  |      0|  0|   2|           1|           2|
    |var_2_fu_3960_p3          |  Select  |      0|  0|  32|           1|          31|
    |or_cond_fu_5236_p2        |    and   |      0|  0|   1|           1|           1|
    |tmp_27_fu_3695_p2         |    and   |      0|  0|   1|           1|           1|
    |tmp_38_fu_3045_p2         |    and   |      0|  0|   1|           1|           1|
    |tmp_52_fu_3906_p2         |    and   |      0|  0|   1|           1|           1|
    |tmp_54_fu_3912_p2         |    and   |      0|  0|   1|           1|           1|
    |tmp_5_fu_2695_p2          |    and   |      0|  0|   1|           1|           1|
    |tmp_61_fu_3257_p2         |    and   |      0|  0|   1|           1|           1|
    |tmp_63_fu_3263_p2         |    and   |      0|  0|   1|           1|           1|
    |tmp_70_fu_3954_p2         |    and   |      0|  0|   1|           1|           1|
    |tmp_76_fu_3397_p2         |    and   |      0|  0|   1|           1|           1|
    |tmp_83_fu_4393_p2         |    and   |      0|  0|   1|           1|           1|
    |tmp_85_fu_4399_p2         |    and   |      0|  0|   1|           1|           1|
    |tmp_95_fu_5222_p2         |    and   |      0|  0|   1|           1|           1|
    |exitcond1_fu_2729_p2      |   icmp   |      0|  0|   1|           2|           2|
    |exitcond2_fu_2800_p2      |   icmp   |      0|  0|   3|           9|           9|
    |exitcond3_fu_5003_p2      |   icmp   |      0|  0|   2|           2|           3|
    |exitcond4_fu_4691_p2      |   icmp   |      0|  0|  11|          32|           2|
    |exitcond_fu_2779_p2       |   icmp   |      0|  0|   3|           9|           9|
    |notlhs10_fu_4375_p2       |   icmp   |      0|  0|   3|           8|           2|
    |notlhs11_fu_5204_p2       |   icmp   |      0|  0|   3|           8|           2|
    |notlhs1_fu_3677_p2        |   icmp   |      0|  0|   3|           8|           2|
    |notlhs2_fu_3027_p2        |   icmp   |      0|  0|   3|           8|           2|
    |notlhs3_fu_3870_p2        |   icmp   |      0|  0|   3|           8|           2|
    |notlhs4_fu_3888_p2        |   icmp   |      0|  0|   3|           8|           2|
    |notlhs5_fu_3221_p2        |   icmp   |      0|  0|   3|           8|           2|
    |notlhs6_fu_3239_p2        |   icmp   |      0|  0|   3|           8|           2|
    |notlhs7_fu_3379_p2        |   icmp   |      0|  0|   3|           8|           2|
    |notlhs8_fu_3936_p2        |   icmp   |      0|  0|   3|           8|           2|
    |notlhs9_fu_4357_p2        |   icmp   |      0|  0|   3|           8|           2|
    |notlhs_fu_2677_p2         |   icmp   |      0|  0|   3|           8|           2|
    |notrhs10_fu_4381_p2       |   icmp   |      0|  0|   8|          23|           1|
    |notrhs11_fu_5210_p2       |   icmp   |      0|  0|   8|          23|           1|
    |notrhs1_fu_3683_p2        |   icmp   |      0|  0|   8|          23|           1|
    |notrhs2_fu_3033_p2        |   icmp   |      0|  0|   8|          23|           1|
    |notrhs3_fu_3876_p2        |   icmp   |      0|  0|   8|          23|           1|
    |notrhs4_fu_3894_p2        |   icmp   |      0|  0|   8|          23|           1|
    |notrhs5_fu_3227_p2        |   icmp   |      0|  0|   8|          23|           1|
    |notrhs6_fu_3245_p2        |   icmp   |      0|  0|   8|          23|           1|
    |notrhs7_fu_3385_p2        |   icmp   |      0|  0|   8|          23|           1|
    |notrhs8_fu_3942_p2        |   icmp   |      0|  0|   8|          23|           1|
    |notrhs9_fu_4363_p2        |   icmp   |      0|  0|   8|          23|           1|
    |notrhs_fu_2683_p2         |   icmp   |      0|  0|   8|          23|           1|
    |slt1_fu_3426_p2           |   icmp   |      0|  0|   2|           3|           3|
    |slt_fu_5024_p2            |   icmp   |      0|  0|  11|          32|          32|
    |tmp_24_fu_4216_p2         |   icmp   |      0|  0|   1|           2|           1|
    |k_10_fu_4481_p2           |    or    |      0|  0|   1|           1|           1|
    |mptr_0_sum_fu_4017_p2     |    or    |      0|  0|  13|          11|           1|
    |tmp_22_fu_3689_p2         |    or    |      0|  0|   1|           1|           1|
    |tmp_35_fu_3039_p2         |    or    |      0|  0|   1|           1|           1|
    |tmp_37_fu_3437_p2         |    or    |      0|  0|   1|           1|           1|
    |tmp_3_fu_2689_p2          |    or    |      0|  0|   1|           1|           1|
    |tmp_50_fu_3882_p2         |    or    |      0|  0|   1|           1|           1|
    |tmp_51_fu_3900_p2         |    or    |      0|  0|   1|           1|           1|
    |tmp_59_fu_3233_p2         |    or    |      0|  0|   1|           1|           1|
    |tmp_60_fu_3251_p2         |    or    |      0|  0|   1|           1|           1|
    |tmp_68_fu_3948_p2         |    or    |      0|  0|   1|           1|           1|
    |tmp_74_fu_3391_p2         |    or    |      0|  0|   1|           1|           1|
    |tmp_81_fu_4369_p2         |    or    |      0|  0|   1|           1|           1|
    |tmp_82_fu_4387_p2         |    or    |      0|  0|   1|           1|           1|
    |tmp_93_fu_5216_p2         |    or    |      0|  0|   1|           1|           1|
    |rev1_fu_3431_p2           |    xor   |      0|  0|   2|           1|           2|
    |rev_fu_5262_p2            |    xor   |      0|  0|   2|           1|           2|
    +--------------------------+----------+-------+---+----+------------+------------+
    |Total                     |          |      0|  0|1446|        1708|        1328|
    +--------------------------+----------+-------+---+----+------------+------------+

    * Multiplexer: 
    +----------------------------+------+-----------+-----+-----------+
    |            Name            |  LUT | Input Size| Bits| Total Bits|
    +----------------------------+------+-----------+-----+-----------+
    |ap_NS_fsm                   |  2940|        896|    1|        896|
    |bgmodel_0_mean_address0     |    22|          8|   11|         88|
    |bgmodel_0_mean_d0           |    32|          5|   32|        160|
    |bgmodel_0_sortKey_address0  |    22|          8|   11|         88|
    |bgmodel_0_sortKey_d0        |    32|          6|   32|        192|
    |bgmodel_0_var_address0      |    22|          8|   11|         88|
    |bgmodel_0_var_d0            |    32|          5|   32|        160|
    |bgmodel_0_weight_address0   |    33|         13|   11|        143|
    |bgmodel_0_weight_d0         |    32|          6|   32|        192|
    |bgmodel_1_mean_address0     |    22|          8|   11|         88|
    |bgmodel_1_mean_d0           |    32|          5|   32|        160|
    |bgmodel_1_sortKey_address0  |    22|          8|   11|         88|
    |bgmodel_1_sortKey_d0        |    32|          6|   32|        192|
    |bgmodel_1_var_address0      |    22|          8|   11|         88|
    |bgmodel_1_var_d0            |    32|          5|   32|        160|
    |bgmodel_1_weight_address0   |    33|         13|   11|        143|
    |bgmodel_1_weight_d0         |    32|          6|   32|        192|
    |bgmodel_2_mean_address0     |    22|          8|   11|         88|
    |bgmodel_2_mean_d0           |    32|          5|   32|        160|
    |bgmodel_2_sortKey_address0  |    22|          8|   11|         88|
    |bgmodel_2_sortKey_d0        |    32|          6|   32|        192|
    |bgmodel_2_var_address0      |    22|          8|   11|         88|
    |bgmodel_2_var_d0            |    32|          5|   32|        160|
    |bgmodel_2_weight_address0   |    33|         13|   11|        143|
    |bgmodel_2_weight_d0         |    32|          6|   32|        192|
    |bgmodel_3_mean_address0     |    22|          8|   11|         88|
    |bgmodel_3_mean_d0           |    32|          5|   32|        160|
    |bgmodel_3_sortKey_address0  |    22|          8|   11|         88|
    |bgmodel_3_sortKey_d0        |    32|          6|   32|        192|
    |bgmodel_3_var_address0      |    22|          8|   11|         88|
    |bgmodel_3_var_d0            |    32|          5|   32|        160|
    |bgmodel_3_weight_address0   |    33|         13|   11|        143|
    |bgmodel_3_weight_d0         |    32|          6|   32|        192|
    |bgmodel_4_mean_address0     |    22|          8|   11|         88|
    |bgmodel_4_mean_d0           |    32|          5|   32|        160|
    |bgmodel_4_sortKey_address0  |    22|          8|   11|         88|
    |bgmodel_4_sortKey_d0        |    32|          6|   32|        192|
    |bgmodel_4_var_address0      |    22|          8|   11|         88|
    |bgmodel_4_var_d0            |    32|          5|   32|        160|
    |bgmodel_4_weight_address0   |    33|         13|   11|        143|
    |bgmodel_4_weight_d0         |    32|          6|   32|        192|
    |bgmodel_5_mean_address0     |    22|          8|   11|         88|
    |bgmodel_5_mean_d0           |    32|          5|   32|        160|
    |bgmodel_5_sortKey_address0  |    22|          8|   11|         88|
    |bgmodel_5_sortKey_d0        |    32|          6|   32|        192|
    |bgmodel_5_var_address0      |    22|          8|   11|         88|
    |bgmodel_5_var_d0            |    32|          5|   32|        160|
    |bgmodel_5_weight_address0   |    33|         13|   11|        143|
    |bgmodel_5_weight_d0         |    32|          6|   32|        192|
    |bgmodel_6_mean_address0     |    22|          8|   11|         88|
    |bgmodel_6_mean_d0           |    32|          5|   32|        160|
    |bgmodel_6_sortKey_address0  |    22|          8|   11|         88|
    |bgmodel_6_sortKey_d0        |    32|          6|   32|        192|
    |bgmodel_6_var_address0      |    22|          8|   11|         88|
    |bgmodel_6_var_d0            |    32|          5|   32|        160|
    |bgmodel_6_weight_address0   |    33|         13|   11|        143|
    |bgmodel_6_weight_d0         |    32|          6|   32|        192|
    |bgmodel_7_mean_address0     |    22|          8|   11|         88|
    |bgmodel_7_mean_d0           |    32|          5|   32|        160|
    |bgmodel_7_sortKey_address0  |    22|          8|   11|         88|
    |bgmodel_7_sortKey_d0        |    32|          6|   32|        192|
    |bgmodel_7_var_address0      |    22|          8|   11|         88|
    |bgmodel_7_var_d0            |    32|          5|   32|        160|
    |bgmodel_7_weight_address0   |    33|         13|   11|        143|
    |bgmodel_7_weight_d0         |    32|          6|   32|        192|
    |frame_in_0_address0         |    10|          3|   10|         30|
    |frame_in_1_address0         |    10|          3|   10|         30|
    |frame_in_2_address0         |    10|          3|   10|         30|
    |frame_in_3_address0         |    10|          3|   10|         30|
    |frame_in_4_address0         |    10|          3|   10|         30|
    |frame_in_5_address0         |    10|          3|   10|         30|
    |frame_in_6_address0         |    10|          3|   10|         30|
    |frame_in_7_address0         |    10|          3|   10|         30|
    |frame_out_0_address0        |    10|          3|   10|         30|
    |frame_out_0_d0              |     8|          3|    8|         24|
    |frame_out_1_address0        |    10|          3|   10|         30|
    |frame_out_1_d0              |     8|          3|    8|         24|
    |frame_out_2_address0        |    10|          3|   10|         30|
    |frame_out_2_d0              |     8|          3|    8|         24|
    |frame_out_3_address0        |    10|          3|   10|         30|
    |frame_out_3_d0              |     8|          3|    8|         24|
    |frame_out_4_address0        |    10|          3|   10|         30|
    |frame_out_4_d0              |     8|          3|    8|         24|
    |frame_out_5_address0        |    10|          3|   10|         30|
    |frame_out_5_d0              |     8|          3|    8|         24|
    |frame_out_6_address0        |    10|          3|   10|         30|
    |frame_out_6_d0              |     8|          3|    8|         24|
    |frame_out_7_address0        |    10|          3|   10|         30|
    |frame_out_7_d0              |     8|          3|    8|         24|
    |grp_fu_2511_opcode          |     2|          3|    2|          6|
    |grp_fu_2511_p0              |    96|         13|   32|        416|
    |grp_fu_2511_p1              |    64|         11|   32|        352|
    |grp_fu_2526_p0              |    32|          5|   32|        160|
    |grp_fu_2526_p1              |    32|          4|   32|        128|
    |grp_fu_2530_p0              |    32|          3|   32|         96|
    |grp_fu_2551_p0              |    32|          3|   32|         96|
    |grp_fu_2551_p1              |    32|          3|   32|         96|
    |grp_fu_2557_p0              |    32|          3|   32|         96|
    |grp_fu_2560_opcode          |     5|          4|    5|         20|
    |grp_fu_2560_p0              |    64|          9|   32|        288|
    |grp_fu_2560_p1              |    32|          7|   32|        224|
    |grp_fu_2574_p1              |     2|          3|    2|          6|
    |grp_fu_2583_p1              |     2|          3|    2|          6|
    |kForeground1_reg_2499       |    32|          2|   32|         64|
    |kForeground3_1_reg_2351     |     3|          2|    3|          6|
    |kHit1_phi_fu_2419_p8        |     2|          2|    2|          4|
    |kHit1_reg_2415              |     2|          3|    2|          6|
    |kHit2_reg_2315              |     2|          2|    2|          4|
    |kHit_1_reg_2465             |     2|          2|    2|          4|
    |kHit_4_reg_2303             |     2|          2|    2|          4|
    |kHit_reg_2389               |     2|          2|    2|          4|
    |k_1_reg_2434                |    32|          2|   32|         64|
    |k_5_reg_2328                |     2|          2|    2|          4|
    |k_9_reg_2476                |     2|          2|    2|          4|
    |k_reg_2365                  |     2|          2|    2|          4|
    |mptr_0_rec_reg_2234         |    11|          2|   11|         22|
    |mptr_1_rec_reg_2280         |    10|          2|   10|         20|
    |mptr_2_rec_reg_2257         |    10|          2|   10|         20|
    |wsum8_reg_2339              |    32|          2|   32|         64|
    |wsum_1_phi_fu_2403_p8       |    32|          2|   32|         64|
    |wsum_1_reg_2400             |    32|          3|   32|         96|
    |wsum_2_reg_2443             |    32|          2|   32|         64|
    |wsum_3_phi_fu_2457_p4       |    32|          2|   32|         64|
    |wsum_3_reg_2454             |    32|          2|   32|         64|
    |wsum_4_reg_2487             |    32|          2|   32|         64|
    |wsum_reg_2377               |    32|          2|   32|         64|
    |x_1_reg_2269                |     9|          2|    9|         18|
    |x_reg_2292                  |     9|          2|    9|         18|
    |y_reg_2246                  |     2|          2|    2|          4|
    +----------------------------+------+-----------+-----+-----------+
    |Total                       |  5831|       1568| 2324|      13264|
    +----------------------------+------+-----------+-----+-----------+

    * Register: 
    +-----------------------------------+-----+----+-----+-----------+
    |                Name               |  FF | LUT| Bits| Const Bits|
    +-----------------------------------+-----+----+-----+-----------+
    |ap_CS_fsm                          |  895|   0|  895|          0|
    |arrayNo12_cast_reg_6234            |   23|   0|   64|         41|
    |arrayNo16_cast_reg_6279            |   23|   0|   64|         41|
    |arrayNo17_cast_reg_6324            |   23|   0|   64|         41|
    |arrayNo18_cast_reg_6369            |   23|   0|   64|         41|
    |bgmodel_0_mean_addr_1_reg_6658     |   11|   0|   11|          0|
    |bgmodel_0_mean_addr_2_reg_6329     |   11|   0|   11|          0|
    |bgmodel_0_mean_addr_reg_6037       |   11|   0|   11|          0|
    |bgmodel_0_sortKey_addr_1_reg_6464  |   11|   0|   11|          0|
    |bgmodel_0_sortKey_addr_2_reg_6239  |   11|   0|   11|          0|
    |bgmodel_0_sortKey_addr_4_reg_7089  |   11|   0|   11|          0|
    |bgmodel_0_var_addr_1_reg_6698      |   11|   0|   11|          0|
    |bgmodel_0_var_addr_2_reg_6374      |   11|   0|   11|          0|
    |bgmodel_0_var_addr_reg_6083        |   11|   0|   11|          0|
    |bgmodel_0_weight_addr_1_reg_6618   |   11|   0|   11|          0|
    |bgmodel_0_weight_addr_2_reg_6284   |   11|   0|   11|          0|
    |bgmodel_0_weight_addr_3_reg_6871   |   11|   0|   11|          0|
    |bgmodel_0_weight_addr_4_reg_7022   |   11|   0|   11|          0|
    |bgmodel_0_weight_addr_reg_5942     |   11|   0|   11|          0|
    |bgmodel_1_mean_addr_1_reg_6663     |   11|   0|   11|          0|
    |bgmodel_1_mean_addr_2_reg_6334     |   11|   0|   11|          0|
    |bgmodel_1_mean_addr_reg_6042       |   11|   0|   11|          0|
    |bgmodel_1_sortKey_addr_1_reg_6469  |   11|   0|   11|          0|
    |bgmodel_1_sortKey_addr_2_reg_6244  |   11|   0|   11|          0|
    |bgmodel_1_sortKey_addr_4_reg_7094  |   11|   0|   11|          0|
    |bgmodel_1_var_addr_1_reg_6703      |   11|   0|   11|          0|
    |bgmodel_1_var_addr_2_reg_6379      |   11|   0|   11|          0|
    |bgmodel_1_var_addr_reg_6088        |   11|   0|   11|          0|
    |bgmodel_1_weight_addr_1_reg_6623   |   11|   0|   11|          0|
    |bgmodel_1_weight_addr_2_reg_6289   |   11|   0|   11|          0|
    |bgmodel_1_weight_addr_3_reg_6876   |   11|   0|   11|          0|
    |bgmodel_1_weight_addr_4_reg_7027   |   11|   0|   11|          0|
    |bgmodel_1_weight_addr_reg_5947     |   11|   0|   11|          0|
    |bgmodel_2_mean_addr_1_reg_6668     |   11|   0|   11|          0|
    |bgmodel_2_mean_addr_2_reg_6339     |   11|   0|   11|          0|
    |bgmodel_2_mean_addr_reg_6047       |   11|   0|   11|          0|
    |bgmodel_2_sortKey_addr_1_reg_6474  |   11|   0|   11|          0|
    |bgmodel_2_sortKey_addr_2_reg_6249  |   11|   0|   11|          0|
    |bgmodel_2_sortKey_addr_4_reg_7099  |   11|   0|   11|          0|
    |bgmodel_2_var_addr_1_reg_6708      |   11|   0|   11|          0|
    |bgmodel_2_var_addr_2_reg_6384      |   11|   0|   11|          0|
    |bgmodel_2_var_addr_reg_6093        |   11|   0|   11|          0|
    |bgmodel_2_weight_addr_1_reg_6628   |   11|   0|   11|          0|
    |bgmodel_2_weight_addr_2_reg_6294   |   11|   0|   11|          0|
    |bgmodel_2_weight_addr_3_reg_6881   |   11|   0|   11|          0|
    |bgmodel_2_weight_addr_4_reg_7032   |   11|   0|   11|          0|
    |bgmodel_2_weight_addr_reg_5952     |   11|   0|   11|          0|
    |bgmodel_3_mean_addr_1_reg_6673     |   11|   0|   11|          0|
    |bgmodel_3_mean_addr_2_reg_6344     |   11|   0|   11|          0|
    |bgmodel_3_mean_addr_reg_6052       |   11|   0|   11|          0|
    |bgmodel_3_sortKey_addr_1_reg_6479  |   11|   0|   11|          0|
    |bgmodel_3_sortKey_addr_2_reg_6254  |   11|   0|   11|          0|
    |bgmodel_3_sortKey_addr_4_reg_7104  |   11|   0|   11|          0|
    |bgmodel_3_var_addr_1_reg_6713      |   11|   0|   11|          0|
    |bgmodel_3_var_addr_2_reg_6389      |   11|   0|   11|          0|
    |bgmodel_3_var_addr_reg_6098        |   11|   0|   11|          0|
    |bgmodel_3_weight_addr_1_reg_6633   |   11|   0|   11|          0|
    |bgmodel_3_weight_addr_2_reg_6299   |   11|   0|   11|          0|
    |bgmodel_3_weight_addr_3_reg_6886   |   11|   0|   11|          0|
    |bgmodel_3_weight_addr_4_reg_7037   |   11|   0|   11|          0|
    |bgmodel_3_weight_addr_reg_5957     |   11|   0|   11|          0|
    |bgmodel_4_mean_addr_1_reg_6678     |   11|   0|   11|          0|
    |bgmodel_4_mean_addr_2_reg_6349     |   11|   0|   11|          0|
    |bgmodel_4_mean_addr_reg_6057       |   11|   0|   11|          0|
    |bgmodel_4_sortKey_addr_1_reg_6484  |   11|   0|   11|          0|
    |bgmodel_4_sortKey_addr_2_reg_6259  |   11|   0|   11|          0|
    |bgmodel_4_sortKey_addr_4_reg_7109  |   11|   0|   11|          0|
    |bgmodel_4_var_addr_1_reg_6718      |   11|   0|   11|          0|
    |bgmodel_4_var_addr_2_reg_6394      |   11|   0|   11|          0|
    |bgmodel_4_var_addr_reg_6103        |   11|   0|   11|          0|
    |bgmodel_4_weight_addr_1_reg_6638   |   11|   0|   11|          0|
    |bgmodel_4_weight_addr_2_reg_6304   |   11|   0|   11|          0|
    |bgmodel_4_weight_addr_3_reg_6891   |   11|   0|   11|          0|
    |bgmodel_4_weight_addr_4_reg_7042   |   11|   0|   11|          0|
    |bgmodel_4_weight_addr_reg_5962     |   11|   0|   11|          0|
    |bgmodel_5_mean_addr_1_reg_6683     |   11|   0|   11|          0|
    |bgmodel_5_mean_addr_2_reg_6354     |   11|   0|   11|          0|
    |bgmodel_5_mean_addr_reg_6062       |   11|   0|   11|          0|
    |bgmodel_5_sortKey_addr_1_reg_6489  |   11|   0|   11|          0|
    |bgmodel_5_sortKey_addr_2_reg_6264  |   11|   0|   11|          0|
    |bgmodel_5_sortKey_addr_4_reg_7114  |   11|   0|   11|          0|
    |bgmodel_5_var_addr_1_reg_6723      |   11|   0|   11|          0|
    |bgmodel_5_var_addr_2_reg_6399      |   11|   0|   11|          0|
    |bgmodel_5_var_addr_reg_6108        |   11|   0|   11|          0|
    |bgmodel_5_weight_addr_1_reg_6643   |   11|   0|   11|          0|
    |bgmodel_5_weight_addr_2_reg_6309   |   11|   0|   11|          0|
    |bgmodel_5_weight_addr_3_reg_6896   |   11|   0|   11|          0|
    |bgmodel_5_weight_addr_4_reg_7047   |   11|   0|   11|          0|
    |bgmodel_5_weight_addr_reg_5967     |   11|   0|   11|          0|
    |bgmodel_6_mean_addr_1_reg_6688     |   11|   0|   11|          0|
    |bgmodel_6_mean_addr_2_reg_6359     |   11|   0|   11|          0|
    |bgmodel_6_mean_addr_reg_6067       |   11|   0|   11|          0|
    |bgmodel_6_sortKey_addr_1_reg_6494  |   11|   0|   11|          0|
    |bgmodel_6_sortKey_addr_2_reg_6269  |   11|   0|   11|          0|
    |bgmodel_6_sortKey_addr_4_reg_7119  |   11|   0|   11|          0|
    |bgmodel_6_var_addr_1_reg_6728      |   11|   0|   11|          0|
    |bgmodel_6_var_addr_2_reg_6404      |   11|   0|   11|          0|
    |bgmodel_6_var_addr_reg_6113        |   11|   0|   11|          0|
    |bgmodel_6_weight_addr_1_reg_6648   |   11|   0|   11|          0|
    |bgmodel_6_weight_addr_2_reg_6314   |   11|   0|   11|          0|
    |bgmodel_6_weight_addr_3_reg_6901   |   11|   0|   11|          0|
    |bgmodel_6_weight_addr_4_reg_7052   |   11|   0|   11|          0|
    |bgmodel_6_weight_addr_reg_5972     |   11|   0|   11|          0|
    |bgmodel_7_mean_addr_1_reg_6693     |   11|   0|   11|          0|
    |bgmodel_7_mean_addr_2_reg_6364     |   11|   0|   11|          0|
    |bgmodel_7_mean_addr_reg_6072       |   11|   0|   11|          0|
    |bgmodel_7_sortKey_addr_1_reg_6499  |   11|   0|   11|          0|
    |bgmodel_7_sortKey_addr_2_reg_6274  |   11|   0|   11|          0|
    |bgmodel_7_sortKey_addr_4_reg_7124  |   11|   0|   11|          0|
    |bgmodel_7_var_addr_1_reg_6733      |   11|   0|   11|          0|
    |bgmodel_7_var_addr_2_reg_6409      |   11|   0|   11|          0|
    |bgmodel_7_var_addr_reg_6118        |   11|   0|   11|          0|
    |bgmodel_7_weight_addr_1_reg_6653   |   11|   0|   11|          0|
    |bgmodel_7_weight_addr_2_reg_6319   |   11|   0|   11|          0|
    |bgmodel_7_weight_addr_3_reg_6906   |   11|   0|   11|          0|
    |bgmodel_7_weight_addr_4_reg_7057   |   11|   0|   11|          0|
    |bgmodel_7_weight_addr_reg_5977     |   11|   0|   11|          0|
    |exitcond4_reg_6774                 |    1|   0|    1|          0|
    |k1_reg_6414                        |    2|   0|    2|          0|
    |kForeground1_reg_2499              |   32|   0|   32|          0|
    |kForeground3_1_reg_2351            |    3|   0|    3|          0|
    |kForeground_1_reg_6976             |    2|   0|    2|          0|
    |kHit1_reg_2415                     |    2|   0|    2|          0|
    |kHit2_cast_reg_5698                |    3|   0|    3|          0|
    |kHit2_reg_2315                     |    2|   0|    2|          0|
    |kHit_1_cast_reg_6968               |   32|   0|   32|          0|
    |kHit_1_reg_2465                    |    2|   0|    2|          0|
    |kHit_4_reg_2303                    |    2|   0|    2|          0|
    |kHit_reg_2389                      |    2|   0|    2|          0|
    |k_10_reg_6561                      |    1|   0|    1|          0|
    |k_11_cast7_reg_6916                |    1|   0|    2|          1|
    |k_11_reg_5711                      |    2|   0|    2|          0|
    |k_1_reg_2434                       |   32|   0|   32|          0|
    |k_2_reg_5910                       |    2|   0|    2|          0|
    |k_4_reg_5494                       |    2|   0|    2|          0|
    |k_5_reg_2328                       |    2|   0|    2|          0|
    |k_8_reg_6784                       |   32|   0|   32|          0|
    |k_9_reg_2476                       |    2|   0|    2|          0|
    |k_reg_2365                         |    2|   0|    2|          0|
    |mptr_0_rec_reg_2234                |   11|   0|   11|          0|
    |mptr_0_sum1_cast_reg_5920          |   11|   0|   33|         22|
    |mptr_0_sum1_reg_5915               |   11|   0|   11|          0|
    |mptr_0_sum2_cast_reg_5504          |   11|   0|   33|         22|
    |mptr_0_sum2_reg_5499               |   11|   0|   11|          0|
    |mptr_0_sum3_cast_reg_6428          |   11|   0|   33|         22|
    |mptr_0_sum3_reg_6423               |   11|   0|   11|          0|
    |mptr_0_sum5_cast_reg_6849          |   11|   0|   33|         22|
    |mptr_0_sum7_cast_reg_7002          |   11|   0|   33|         22|
    |mptr_0_sum7_reg_6982               |   11|   0|   11|          0|
    |mptr_1_rec_reg_2280                |   10|   0|   10|          0|
    |mptr_1_sum_cast_cast_reg_5901      |   11|   0|   36|         25|
    |mptr_1_sum_reg_5892                |   11|   0|   11|          0|
    |mptr_2_rec_reg_2257                |   10|   0|   10|          0|
    |mptr_2_sum_cast_reg_5485           |   11|   0|   33|         22|
    |mptr_2_sum_reg_5480                |   11|   0|   11|          0|
    |mu_1_reg_5644                      |   32|   0|   32|          0|
    |mu_reg_6077                        |   32|   0|   32|          0|
    |p_b_mean_read_assign_reg_6579      |   32|   0|   32|          0|
    |p_b_sortKey_read_assign_reg_6445   |   32|   0|   32|          0|
    |p_b_var_read_assign_reg_6591       |   32|   0|   32|          0|
    |p_b_weight_read_assign_reg_6567    |   32|   0|   32|          0|
    |p_tmp_mean_reg_6750                |   32|   0|   32|          0|
    |p_tmp_sortKey_reg_6504             |   32|   0|   32|          0|
    |p_tmp_var_reg_6762                 |   32|   0|   32|          0|
    |p_tmp_weight_reg_6738              |   32|   0|   32|          0|
    |reg_2592                           |   32|   0|   32|          0|
    |reg_2605                           |   32|   0|   32|          0|
    |reg_2621                           |   32|   0|   32|          0|
    |reg_2628                           |   32|   0|   32|          0|
    |reg_2633                           |   32|   0|   32|          0|
    |reg_2640                           |   32|   0|   32|          0|
    |reg_2646                           |   32|   0|   32|          0|
    |slt_reg_6987                       |    1|   0|    1|          0|
    |src_0_sum3_cast_reg_5822           |   33|   0|   34|          1|
    |src_0_sum3_reg_5400                |   33|   0|   33|          0|
    |src_0_sum_cast_reg_5410            |   33|   0|   34|          1|
    |src_0_sum_reg_5387                 |   33|   0|   33|          0|
    |sum23_reg_6778                     |   36|   0|   36|          0|
    |sum8_reg_5717                      |   33|   0|   33|          0|
    |tmp_100_reg_5728                   |   23|   0|   23|          0|
    |tmp_103_reg_5793                   |    1|   0|    1|          0|
    |tmp_104_reg_5813                   |   25|   0|   25|          0|
    |tmp_105_reg_6165                   |   23|   0|   23|          0|
    |tmp_106_reg_6214                   |   23|   0|   23|          0|
    |tmp_107_reg_6219                   |   23|   0|   23|          0|
    |tmp_108_reg_6224                   |   23|   0|   23|          0|
    |tmp_109_reg_6229                   |   23|   0|   23|          0|
    |tmp_110_reg_6459                   |   23|   0|   23|          0|
    |tmp_114_reg_6557                   |    1|   0|    1|          0|
    |tmp_115_reg_6603                   |   23|   0|   23|          0|
    |tmp_116_reg_6608                   |   23|   0|   23|          0|
    |tmp_117_reg_6613                   |   23|   0|   23|          0|
    |tmp_119_reg_6866                   |   23|   0|   23|          0|
    |tmp_11_reg_5327                    |   33|   0|   33|          0|
    |tmp_120_reg_6794                   |   26|   0|   26|          0|
    |tmp_121_reg_6936                   |   23|   0|   23|          0|
    |tmp_122_reg_6950                   |   23|   0|   23|          0|
    |tmp_123_reg_6964                   |   23|   0|   23|          0|
    |tmp_124_reg_7144                   |   25|   0|   25|          0|
    |tmp_125_reg_7017                   |   23|   0|   23|          0|
    |tmp_126_reg_7084                   |   23|   0|   23|          0|
    |tmp_14_reg_6133                    |   32|   0|   32|          0|
    |tmp_15_reg_5336                    |   33|   0|   33|          0|
    |tmp_21_reg_5345                    |   34|   0|   34|          0|
    |tmp_24_reg_6419                    |    1|   0|    1|          0|
    |tmp_25_reg_5351                    |   33|   0|   33|          0|
    |tmp_26_reg_5998                    |    1|   0|    1|          0|
    |tmp_27_reg_6003                    |    1|   0|    1|          0|
    |tmp_28_reg_5565                    |   32|   0|   32|          0|
    |tmp_29_reg_5360                    |   34|   0|   34|          0|
    |tmp_2_cast_reg_5373                |   28|   0|   33|          5|
    |tmp_30_reg_5837                    |   25|   0|   25|          0|
    |tmp_31_reg_5425                    |   25|   0|   25|          0|
    |tmp_34_reg_5906                    |    1|   0|    1|          0|
    |tmp_37_reg_5808                    |    1|   0|    1|          0|
    |tmp_41_reg_5490                    |    1|   0|    1|          0|
    |tmp_45_reg_5937                    |   23|   0|   23|          0|
    |tmp_49_reg_5520                    |   23|   0|   23|          0|
    |tmp_58_reg_6017                    |   23|   0|   23|          0|
    |tmp_5_reg_5306                     |    1|   0|    1|          0|
    |tmp_63_reg_5694                    |    1|   0|    1|          0|
    |tmp_67_reg_6032                    |   23|   0|   23|          0|
    |tmp_6_reg_5310                     |   34|   0|   34|          0|
    |tmp_70_reg_6145                    |    1|   0|    1|          0|
    |tmp_71_reg_5773                    |   32|   0|   32|          0|
    |tmp_7_reg_5316                     |   33|   0|   33|          0|
    |tmp_80_reg_5584                    |   23|   0|   23|          0|
    |tmp_85_reg_6518                    |    1|   0|    1|          0|
    |tmp_87_reg_6911                    |   32|   0|   32|          0|
    |tmp_88_reg_6839                    |   32|   0|   32|          0|
    |tmp_89_reg_7062                    |   32|   0|   32|          0|
    |tmp_8_reg_5882                     |    8|   0|    8|          0|
    |tmp_90_reg_7129                    |   32|   0|   32|          0|
    |tmp_92_reg_5599                    |   23|   0|   23|          0|
    |tmp_95_reg_7134                    |    1|   0|    1|          0|
    |tmp_98_reg_5703                    |    1|   0|    1|          0|
    |tmp_99_reg_5707                    |    1|   0|    1|          0|
    |tmp_9_reg_5470                     |    8|   0|    8|          0|
    |tmp_i_reg_6169                     |   32|   0|   32|          0|
    |var_1_reg_5689                     |   32|   0|   32|          0|
    |var_2_reg_6150                     |   32|   0|   32|          0|
    |var_reg_6123                       |   32|   0|   32|          0|
    |w_reg_5982                         |   32|   0|   32|          0|
    |wsum8_reg_2339                     |   32|   0|   32|          0|
    |wsum_10_reg_7077                   |   32|   0|   32|          0|
    |wsum_1_reg_2400                    |   32|   0|   32|          0|
    |wsum_2_reg_2443                    |   32|   0|   32|          0|
    |wsum_3_reg_2454                    |   32|   0|   32|          0|
    |wsum_4_reg_2487                    |   32|   0|   32|          0|
    |wsum_5_reg_5991                    |   32|   0|   32|          0|
    |wsum_7_reg_6921                    |   32|   0|   32|          0|
    |wsum_8_reg_5778                    |   32|   0|   32|          0|
    |wsum_reg_2377                      |   32|   0|   32|          0|
    |x_1_reg_2269                       |    9|   0|    9|          0|
    |x_2_reg_5382                       |    9|   0|    9|          0|
    |x_3_reg_5395                       |    9|   0|    9|          0|
    |x_reg_2292                         |    9|   0|    9|          0|
    |y_1_reg_5368                       |    2|   0|    2|          0|
    |y_reg_2246                         |    2|   0|    2|          0|
    +-----------------------------------+-----+----+-----+-----------+
    |Total                              | 4971|   0| 5300|        329|
    +-----------------------------------+-----+----+-----+-----------+



================================================================
== Interface
================================================================
* Summary: 
+----------------------------+-----+-----+------------+-------------------+--------------+
|          RTL Ports         | Dir | Bits|  Protocol  |   Source Object   |    C Type    |
+----------------------------+-----+-----+------------+-------------------+--------------+
|ap_clk                      |  in |    1| ap_ctrl_hs |  backsub_process  | return value |
|ap_rst                      |  in |    1| ap_ctrl_hs |  backsub_process  | return value |
|ap_start                    |  in |    1| ap_ctrl_hs |  backsub_process  | return value |
|ap_done                     | out |    1| ap_ctrl_hs |  backsub_process  | return value |
|ap_idle                     | out |    1| ap_ctrl_hs |  backsub_process  | return value |
|ap_ready                    | out |    1| ap_ctrl_hs |  backsub_process  | return value |
|frame_in_0_address0         | out |   10|  ap_memory |     frame_in_0    |     array    |
|frame_in_0_ce0              | out |    1|  ap_memory |     frame_in_0    |     array    |
|frame_in_0_q0               |  in |    8|  ap_memory |     frame_in_0    |     array    |
|frame_in_1_address0         | out |   10|  ap_memory |     frame_in_1    |     array    |
|frame_in_1_ce0              | out |    1|  ap_memory |     frame_in_1    |     array    |
|frame_in_1_q0               |  in |    8|  ap_memory |     frame_in_1    |     array    |
|frame_in_2_address0         | out |   10|  ap_memory |     frame_in_2    |     array    |
|frame_in_2_ce0              | out |    1|  ap_memory |     frame_in_2    |     array    |
|frame_in_2_q0               |  in |    8|  ap_memory |     frame_in_2    |     array    |
|frame_in_3_address0         | out |   10|  ap_memory |     frame_in_3    |     array    |
|frame_in_3_ce0              | out |    1|  ap_memory |     frame_in_3    |     array    |
|frame_in_3_q0               |  in |    8|  ap_memory |     frame_in_3    |     array    |
|frame_in_4_address0         | out |   10|  ap_memory |     frame_in_4    |     array    |
|frame_in_4_ce0              | out |    1|  ap_memory |     frame_in_4    |     array    |
|frame_in_4_q0               |  in |    8|  ap_memory |     frame_in_4    |     array    |
|frame_in_5_address0         | out |   10|  ap_memory |     frame_in_5    |     array    |
|frame_in_5_ce0              | out |    1|  ap_memory |     frame_in_5    |     array    |
|frame_in_5_q0               |  in |    8|  ap_memory |     frame_in_5    |     array    |
|frame_in_6_address0         | out |   10|  ap_memory |     frame_in_6    |     array    |
|frame_in_6_ce0              | out |    1|  ap_memory |     frame_in_6    |     array    |
|frame_in_6_q0               |  in |    8|  ap_memory |     frame_in_6    |     array    |
|frame_in_7_address0         | out |   10|  ap_memory |     frame_in_7    |     array    |
|frame_in_7_ce0              | out |    1|  ap_memory |     frame_in_7    |     array    |
|frame_in_7_q0               |  in |    8|  ap_memory |     frame_in_7    |     array    |
|tmp_64                      |  in |   64|   ap_none  |       tmp_64      |    scalar    |
|frame_out_0_address0        | out |   10|  ap_memory |    frame_out_0    |     array    |
|frame_out_0_ce0             | out |    1|  ap_memory |    frame_out_0    |     array    |
|frame_out_0_we0             | out |    1|  ap_memory |    frame_out_0    |     array    |
|frame_out_0_d0              | out |    8|  ap_memory |    frame_out_0    |     array    |
|frame_out_1_address0        | out |   10|  ap_memory |    frame_out_1    |     array    |
|frame_out_1_ce0             | out |    1|  ap_memory |    frame_out_1    |     array    |
|frame_out_1_we0             | out |    1|  ap_memory |    frame_out_1    |     array    |
|frame_out_1_d0              | out |    8|  ap_memory |    frame_out_1    |     array    |
|frame_out_2_address0        | out |   10|  ap_memory |    frame_out_2    |     array    |
|frame_out_2_ce0             | out |    1|  ap_memory |    frame_out_2    |     array    |
|frame_out_2_we0             | out |    1|  ap_memory |    frame_out_2    |     array    |
|frame_out_2_d0              | out |    8|  ap_memory |    frame_out_2    |     array    |
|frame_out_3_address0        | out |   10|  ap_memory |    frame_out_3    |     array    |
|frame_out_3_ce0             | out |    1|  ap_memory |    frame_out_3    |     array    |
|frame_out_3_we0             | out |    1|  ap_memory |    frame_out_3    |     array    |
|frame_out_3_d0              | out |    8|  ap_memory |    frame_out_3    |     array    |
|frame_out_4_address0        | out |   10|  ap_memory |    frame_out_4    |     array    |
|frame_out_4_ce0             | out |    1|  ap_memory |    frame_out_4    |     array    |
|frame_out_4_we0             | out |    1|  ap_memory |    frame_out_4    |     array    |
|frame_out_4_d0              | out |    8|  ap_memory |    frame_out_4    |     array    |
|frame_out_5_address0        | out |   10|  ap_memory |    frame_out_5    |     array    |
|frame_out_5_ce0             | out |    1|  ap_memory |    frame_out_5    |     array    |
|frame_out_5_we0             | out |    1|  ap_memory |    frame_out_5    |     array    |
|frame_out_5_d0              | out |    8|  ap_memory |    frame_out_5    |     array    |
|frame_out_6_address0        | out |   10|  ap_memory |    frame_out_6    |     array    |
|frame_out_6_ce0             | out |    1|  ap_memory |    frame_out_6    |     array    |
|frame_out_6_we0             | out |    1|  ap_memory |    frame_out_6    |     array    |
|frame_out_6_d0              | out |    8|  ap_memory |    frame_out_6    |     array    |
|frame_out_7_address0        | out |   10|  ap_memory |    frame_out_7    |     array    |
|frame_out_7_ce0             | out |    1|  ap_memory |    frame_out_7    |     array    |
|frame_out_7_we0             | out |    1|  ap_memory |    frame_out_7    |     array    |
|frame_out_7_d0              | out |    8|  ap_memory |    frame_out_7    |     array    |
|tmp_641                     |  in |   64|   ap_none  |      tmp_641      |    scalar    |
|learningRate                |  in |   32|   ap_none  |    learningRate   |    scalar    |
|bgmodel_0_sortKey_address0  | out |   11|  ap_memory | bgmodel_0_sortKey |     array    |
|bgmodel_0_sortKey_ce0       | out |    1|  ap_memory | bgmodel_0_sortKey |     array    |
|bgmodel_0_sortKey_we0       | out |    1|  ap_memory | bgmodel_0_sortKey |     array    |
|bgmodel_0_sortKey_d0        | out |   32|  ap_memory | bgmodel_0_sortKey |     array    |
|bgmodel_0_sortKey_q0        |  in |   32|  ap_memory | bgmodel_0_sortKey |     array    |
|bgmodel_1_sortKey_address0  | out |   11|  ap_memory | bgmodel_1_sortKey |     array    |
|bgmodel_1_sortKey_ce0       | out |    1|  ap_memory | bgmodel_1_sortKey |     array    |
|bgmodel_1_sortKey_we0       | out |    1|  ap_memory | bgmodel_1_sortKey |     array    |
|bgmodel_1_sortKey_d0        | out |   32|  ap_memory | bgmodel_1_sortKey |     array    |
|bgmodel_1_sortKey_q0        |  in |   32|  ap_memory | bgmodel_1_sortKey |     array    |
|bgmodel_2_sortKey_address0  | out |   11|  ap_memory | bgmodel_2_sortKey |     array    |
|bgmodel_2_sortKey_ce0       | out |    1|  ap_memory | bgmodel_2_sortKey |     array    |
|bgmodel_2_sortKey_we0       | out |    1|  ap_memory | bgmodel_2_sortKey |     array    |
|bgmodel_2_sortKey_d0        | out |   32|  ap_memory | bgmodel_2_sortKey |     array    |
|bgmodel_2_sortKey_q0        |  in |   32|  ap_memory | bgmodel_2_sortKey |     array    |
|bgmodel_3_sortKey_address0  | out |   11|  ap_memory | bgmodel_3_sortKey |     array    |
|bgmodel_3_sortKey_ce0       | out |    1|  ap_memory | bgmodel_3_sortKey |     array    |
|bgmodel_3_sortKey_we0       | out |    1|  ap_memory | bgmodel_3_sortKey |     array    |
|bgmodel_3_sortKey_d0        | out |   32|  ap_memory | bgmodel_3_sortKey |     array    |
|bgmodel_3_sortKey_q0        |  in |   32|  ap_memory | bgmodel_3_sortKey |     array    |
|bgmodel_4_sortKey_address0  | out |   11|  ap_memory | bgmodel_4_sortKey |     array    |
|bgmodel_4_sortKey_ce0       | out |    1|  ap_memory | bgmodel_4_sortKey |     array    |
|bgmodel_4_sortKey_we0       | out |    1|  ap_memory | bgmodel_4_sortKey |     array    |
|bgmodel_4_sortKey_d0        | out |   32|  ap_memory | bgmodel_4_sortKey |     array    |
|bgmodel_4_sortKey_q0        |  in |   32|  ap_memory | bgmodel_4_sortKey |     array    |
|bgmodel_5_sortKey_address0  | out |   11|  ap_memory | bgmodel_5_sortKey |     array    |
|bgmodel_5_sortKey_ce0       | out |    1|  ap_memory | bgmodel_5_sortKey |     array    |
|bgmodel_5_sortKey_we0       | out |    1|  ap_memory | bgmodel_5_sortKey |     array    |
|bgmodel_5_sortKey_d0        | out |   32|  ap_memory | bgmodel_5_sortKey |     array    |
|bgmodel_5_sortKey_q0        |  in |   32|  ap_memory | bgmodel_5_sortKey |     array    |
|bgmodel_6_sortKey_address0  | out |   11|  ap_memory | bgmodel_6_sortKey |     array    |
|bgmodel_6_sortKey_ce0       | out |    1|  ap_memory | bgmodel_6_sortKey |     array    |
|bgmodel_6_sortKey_we0       | out |    1|  ap_memory | bgmodel_6_sortKey |     array    |
|bgmodel_6_sortKey_d0        | out |   32|  ap_memory | bgmodel_6_sortKey |     array    |
|bgmodel_6_sortKey_q0        |  in |   32|  ap_memory | bgmodel_6_sortKey |     array    |
|bgmodel_7_sortKey_address0  | out |   11|  ap_memory | bgmodel_7_sortKey |     array    |
|bgmodel_7_sortKey_ce0       | out |    1|  ap_memory | bgmodel_7_sortKey |     array    |
|bgmodel_7_sortKey_we0       | out |    1|  ap_memory | bgmodel_7_sortKey |     array    |
|bgmodel_7_sortKey_d0        | out |   32|  ap_memory | bgmodel_7_sortKey |     array    |
|bgmodel_7_sortKey_q0        |  in |   32|  ap_memory | bgmodel_7_sortKey |     array    |
|tmp_66                      |  in |   64|   ap_none  |       tmp_66      |    scalar    |
|bgmodel_0_weight_address0   | out |   11|  ap_memory |  bgmodel_0_weight |     array    |
|bgmodel_0_weight_ce0        | out |    1|  ap_memory |  bgmodel_0_weight |     array    |
|bgmodel_0_weight_we0        | out |    1|  ap_memory |  bgmodel_0_weight |     array    |
|bgmodel_0_weight_d0         | out |   32|  ap_memory |  bgmodel_0_weight |     array    |
|bgmodel_0_weight_q0         |  in |   32|  ap_memory |  bgmodel_0_weight |     array    |
|bgmodel_1_weight_address0   | out |   11|  ap_memory |  bgmodel_1_weight |     array    |
|bgmodel_1_weight_ce0        | out |    1|  ap_memory |  bgmodel_1_weight |     array    |
|bgmodel_1_weight_we0        | out |    1|  ap_memory |  bgmodel_1_weight |     array    |
|bgmodel_1_weight_d0         | out |   32|  ap_memory |  bgmodel_1_weight |     array    |
|bgmodel_1_weight_q0         |  in |   32|  ap_memory |  bgmodel_1_weight |     array    |
|bgmodel_2_weight_address0   | out |   11|  ap_memory |  bgmodel_2_weight |     array    |
|bgmodel_2_weight_ce0        | out |    1|  ap_memory |  bgmodel_2_weight |     array    |
|bgmodel_2_weight_we0        | out |    1|  ap_memory |  bgmodel_2_weight |     array    |
|bgmodel_2_weight_d0         | out |   32|  ap_memory |  bgmodel_2_weight |     array    |
|bgmodel_2_weight_q0         |  in |   32|  ap_memory |  bgmodel_2_weight |     array    |
|bgmodel_3_weight_address0   | out |   11|  ap_memory |  bgmodel_3_weight |     array    |
|bgmodel_3_weight_ce0        | out |    1|  ap_memory |  bgmodel_3_weight |     array    |
|bgmodel_3_weight_we0        | out |    1|  ap_memory |  bgmodel_3_weight |     array    |
|bgmodel_3_weight_d0         | out |   32|  ap_memory |  bgmodel_3_weight |     array    |
|bgmodel_3_weight_q0         |  in |   32|  ap_memory |  bgmodel_3_weight |     array    |
|bgmodel_4_weight_address0   | out |   11|  ap_memory |  bgmodel_4_weight |     array    |
|bgmodel_4_weight_ce0        | out |    1|  ap_memory |  bgmodel_4_weight |     array    |
|bgmodel_4_weight_we0        | out |    1|  ap_memory |  bgmodel_4_weight |     array    |
|bgmodel_4_weight_d0         | out |   32|  ap_memory |  bgmodel_4_weight |     array    |
|bgmodel_4_weight_q0         |  in |   32|  ap_memory |  bgmodel_4_weight |     array    |
|bgmodel_5_weight_address0   | out |   11|  ap_memory |  bgmodel_5_weight |     array    |
|bgmodel_5_weight_ce0        | out |    1|  ap_memory |  bgmodel_5_weight |     array    |
|bgmodel_5_weight_we0        | out |    1|  ap_memory |  bgmodel_5_weight |     array    |
|bgmodel_5_weight_d0         | out |   32|  ap_memory |  bgmodel_5_weight |     array    |
|bgmodel_5_weight_q0         |  in |   32|  ap_memory |  bgmodel_5_weight |     array    |
|bgmodel_6_weight_address0   | out |   11|  ap_memory |  bgmodel_6_weight |     array    |
|bgmodel_6_weight_ce0        | out |    1|  ap_memory |  bgmodel_6_weight |     array    |
|bgmodel_6_weight_we0        | out |    1|  ap_memory |  bgmodel_6_weight |     array    |
|bgmodel_6_weight_d0         | out |   32|  ap_memory |  bgmodel_6_weight |     array    |
|bgmodel_6_weight_q0         |  in |   32|  ap_memory |  bgmodel_6_weight |     array    |
|bgmodel_7_weight_address0   | out |   11|  ap_memory |  bgmodel_7_weight |     array    |
|bgmodel_7_weight_ce0        | out |    1|  ap_memory |  bgmodel_7_weight |     array    |
|bgmodel_7_weight_we0        | out |    1|  ap_memory |  bgmodel_7_weight |     array    |
|bgmodel_7_weight_d0         | out |   32|  ap_memory |  bgmodel_7_weight |     array    |
|bgmodel_7_weight_q0         |  in |   32|  ap_memory |  bgmodel_7_weight |     array    |
|tmp_662                     |  in |   64|   ap_none  |      tmp_662      |    scalar    |
|bgmodel_0_mean_address0     | out |   11|  ap_memory |   bgmodel_0_mean  |     array    |
|bgmodel_0_mean_ce0          | out |    1|  ap_memory |   bgmodel_0_mean  |     array    |
|bgmodel_0_mean_we0          | out |    1|  ap_memory |   bgmodel_0_mean  |     array    |
|bgmodel_0_mean_d0           | out |   32|  ap_memory |   bgmodel_0_mean  |     array    |
|bgmodel_0_mean_q0           |  in |   32|  ap_memory |   bgmodel_0_mean  |     array    |
|bgmodel_1_mean_address0     | out |   11|  ap_memory |   bgmodel_1_mean  |     array    |
|bgmodel_1_mean_ce0          | out |    1|  ap_memory |   bgmodel_1_mean  |     array    |
|bgmodel_1_mean_we0          | out |    1|  ap_memory |   bgmodel_1_mean  |     array    |
|bgmodel_1_mean_d0           | out |   32|  ap_memory |   bgmodel_1_mean  |     array    |
|bgmodel_1_mean_q0           |  in |   32|  ap_memory |   bgmodel_1_mean  |     array    |
|bgmodel_2_mean_address0     | out |   11|  ap_memory |   bgmodel_2_mean  |     array    |
|bgmodel_2_mean_ce0          | out |    1|  ap_memory |   bgmodel_2_mean  |     array    |
|bgmodel_2_mean_we0          | out |    1|  ap_memory |   bgmodel_2_mean  |     array    |
|bgmodel_2_mean_d0           | out |   32|  ap_memory |   bgmodel_2_mean  |     array    |
|bgmodel_2_mean_q0           |  in |   32|  ap_memory |   bgmodel_2_mean  |     array    |
|bgmodel_3_mean_address0     | out |   11|  ap_memory |   bgmodel_3_mean  |     array    |
|bgmodel_3_mean_ce0          | out |    1|  ap_memory |   bgmodel_3_mean  |     array    |
|bgmodel_3_mean_we0          | out |    1|  ap_memory |   bgmodel_3_mean  |     array    |
|bgmodel_3_mean_d0           | out |   32|  ap_memory |   bgmodel_3_mean  |     array    |
|bgmodel_3_mean_q0           |  in |   32|  ap_memory |   bgmodel_3_mean  |     array    |
|bgmodel_4_mean_address0     | out |   11|  ap_memory |   bgmodel_4_mean  |     array    |
|bgmodel_4_mean_ce0          | out |    1|  ap_memory |   bgmodel_4_mean  |     array    |
|bgmodel_4_mean_we0          | out |    1|  ap_memory |   bgmodel_4_mean  |     array    |
|bgmodel_4_mean_d0           | out |   32|  ap_memory |   bgmodel_4_mean  |     array    |
|bgmodel_4_mean_q0           |  in |   32|  ap_memory |   bgmodel_4_mean  |     array    |
|bgmodel_5_mean_address0     | out |   11|  ap_memory |   bgmodel_5_mean  |     array    |
|bgmodel_5_mean_ce0          | out |    1|  ap_memory |   bgmodel_5_mean  |     array    |
|bgmodel_5_mean_we0          | out |    1|  ap_memory |   bgmodel_5_mean  |     array    |
|bgmodel_5_mean_d0           | out |   32|  ap_memory |   bgmodel_5_mean  |     array    |
|bgmodel_5_mean_q0           |  in |   32|  ap_memory |   bgmodel_5_mean  |     array    |
|bgmodel_6_mean_address0     | out |   11|  ap_memory |   bgmodel_6_mean  |     array    |
|bgmodel_6_mean_ce0          | out |    1|  ap_memory |   bgmodel_6_mean  |     array    |
|bgmodel_6_mean_we0          | out |    1|  ap_memory |   bgmodel_6_mean  |     array    |
|bgmodel_6_mean_d0           | out |   32|  ap_memory |   bgmodel_6_mean  |     array    |
|bgmodel_6_mean_q0           |  in |   32|  ap_memory |   bgmodel_6_mean  |     array    |
|bgmodel_7_mean_address0     | out |   11|  ap_memory |   bgmodel_7_mean  |     array    |
|bgmodel_7_mean_ce0          | out |    1|  ap_memory |   bgmodel_7_mean  |     array    |
|bgmodel_7_mean_we0          | out |    1|  ap_memory |   bgmodel_7_mean  |     array    |
|bgmodel_7_mean_d0           | out |   32|  ap_memory |   bgmodel_7_mean  |     array    |
|bgmodel_7_mean_q0           |  in |   32|  ap_memory |   bgmodel_7_mean  |     array    |
|tmp_663                     |  in |   64|   ap_none  |      tmp_663      |    scalar    |
|bgmodel_0_var_address0      | out |   11|  ap_memory |   bgmodel_0_var   |     array    |
|bgmodel_0_var_ce0           | out |    1|  ap_memory |   bgmodel_0_var   |     array    |
|bgmodel_0_var_we0           | out |    1|  ap_memory |   bgmodel_0_var   |     array    |
|bgmodel_0_var_d0            | out |   32|  ap_memory |   bgmodel_0_var   |     array    |
|bgmodel_0_var_q0            |  in |   32|  ap_memory |   bgmodel_0_var   |     array    |
|bgmodel_1_var_address0      | out |   11|  ap_memory |   bgmodel_1_var   |     array    |
|bgmodel_1_var_ce0           | out |    1|  ap_memory |   bgmodel_1_var   |     array    |
|bgmodel_1_var_we0           | out |    1|  ap_memory |   bgmodel_1_var   |     array    |
|bgmodel_1_var_d0            | out |   32|  ap_memory |   bgmodel_1_var   |     array    |
|bgmodel_1_var_q0            |  in |   32|  ap_memory |   bgmodel_1_var   |     array    |
|bgmodel_2_var_address0      | out |   11|  ap_memory |   bgmodel_2_var   |     array    |
|bgmodel_2_var_ce0           | out |    1|  ap_memory |   bgmodel_2_var   |     array    |
|bgmodel_2_var_we0           | out |    1|  ap_memory |   bgmodel_2_var   |     array    |
|bgmodel_2_var_d0            | out |   32|  ap_memory |   bgmodel_2_var   |     array    |
|bgmodel_2_var_q0            |  in |   32|  ap_memory |   bgmodel_2_var   |     array    |
|bgmodel_3_var_address0      | out |   11|  ap_memory |   bgmodel_3_var   |     array    |
|bgmodel_3_var_ce0           | out |    1|  ap_memory |   bgmodel_3_var   |     array    |
|bgmodel_3_var_we0           | out |    1|  ap_memory |   bgmodel_3_var   |     array    |
|bgmodel_3_var_d0            | out |   32|  ap_memory |   bgmodel_3_var   |     array    |
|bgmodel_3_var_q0            |  in |   32|  ap_memory |   bgmodel_3_var   |     array    |
|bgmodel_4_var_address0      | out |   11|  ap_memory |   bgmodel_4_var   |     array    |
|bgmodel_4_var_ce0           | out |    1|  ap_memory |   bgmodel_4_var   |     array    |
|bgmodel_4_var_we0           | out |    1|  ap_memory |   bgmodel_4_var   |     array    |
|bgmodel_4_var_d0            | out |   32|  ap_memory |   bgmodel_4_var   |     array    |
|bgmodel_4_var_q0            |  in |   32|  ap_memory |   bgmodel_4_var   |     array    |
|bgmodel_5_var_address0      | out |   11|  ap_memory |   bgmodel_5_var   |     array    |
|bgmodel_5_var_ce0           | out |    1|  ap_memory |   bgmodel_5_var   |     array    |
|bgmodel_5_var_we0           | out |    1|  ap_memory |   bgmodel_5_var   |     array    |
|bgmodel_5_var_d0            | out |   32|  ap_memory |   bgmodel_5_var   |     array    |
|bgmodel_5_var_q0            |  in |   32|  ap_memory |   bgmodel_5_var   |     array    |
|bgmodel_6_var_address0      | out |   11|  ap_memory |   bgmodel_6_var   |     array    |
|bgmodel_6_var_ce0           | out |    1|  ap_memory |   bgmodel_6_var   |     array    |
|bgmodel_6_var_we0           | out |    1|  ap_memory |   bgmodel_6_var   |     array    |
|bgmodel_6_var_d0            | out |   32|  ap_memory |   bgmodel_6_var   |     array    |
|bgmodel_6_var_q0            |  in |   32|  ap_memory |   bgmodel_6_var   |     array    |
|bgmodel_7_var_address0      | out |   11|  ap_memory |   bgmodel_7_var   |     array    |
|bgmodel_7_var_ce0           | out |    1|  ap_memory |   bgmodel_7_var   |     array    |
|bgmodel_7_var_we0           | out |    1|  ap_memory |   bgmodel_7_var   |     array    |
|bgmodel_7_var_d0            | out |   32|  ap_memory |   bgmodel_7_var   |     array    |
|bgmodel_7_var_q0            |  in |   32|  ap_memory |   bgmodel_7_var   |     array    |
|tmp_664                     |  in |   64|   ap_none  |      tmp_664      |    scalar    |
+----------------------------+-----+-----+------------+-------------------+--------------+

