

================================================================
== Vivado HLS Report for 'bgsub_Block_proc'
================================================================
* Date:           Thu Jan 11 21:03:39 2018

* Version:        2015.4 (Build 1412921 on Wed Nov 18 09:58:55 AM 2015)
* Project:        backsub_gmm_new_180110
* Solution:       solution1
* Product family: zynq
* Target device:  xc7z020clg484-1


================================================================
== Performance Estimates
================================================================
+ Timing (ns): 
    * Summary: 
    +--------+-------+----------+------------+
    |  Clock | Target| Estimated| Uncertainty|
    +--------+-------+----------+------------+
    |ap_clk  |  10.00|      9.58|        1.25|
    +--------+-------+----------+------------+

+ Latency (clock cycles): 
    * Summary: 
    +---------+----------+---------+----------+---------+
    |       Latency      |      Interval      | Pipeline|
    |   min   |    max   |   min   |    max   |   Type  |
    +---------+----------+---------+----------+---------+
    |  2882522|  10754522|  2882522|  10754522|   none  |
    +---------+----------+---------+----------+---------+

    + Detail: 
        * Instance: 
        +--------------------------+---------------+-------+--------+-------+--------+---------+
        |                          |               |     Latency    |    Interval    | Pipeline|
        |         Instance         |     Module    |  min  |   max  |  min  |   max  |   Type  |
        +--------------------------+---------------+-------+--------+-------+--------+---------+
        |grp_bgsub_process_fu_611  |bgsub_process  |  34570|  225290|  34570|  225290|   none  |
        |grp_bgsub_process_fu_623  |bgsub_process  |  34570|  225290|  34570|  225290|   none  |
        +--------------------------+---------------+-------+--------+-------+--------+---------+

        * Loop: 
        +--------------------------------------------------+---------+---------+----------------+-----------+-----------+--------+----------+
        |                                                  |      Latency      |    Iteration   |  Initiation Interval  |  Trip  |          |
        |                     Loop Name                    |   min   |   max   |     Latency    |  achieved |   target  |  Count | Pipelined|
        +--------------------------------------------------+---------+---------+----------------+-----------+-----------+--------+----------+
        |- Loop 1                                          |  2150400|  2150400|              14|          -|          -|  153600|    no    |
        |- Loop 2                                          |  2882520|  8604120| 96084 ~ 286804 |          -|          -|      30|    no    |
        | + memcpy..frame_in                               |     1281|     1281|               3|          1|          1|    1280|    yes   |
        | + memcpy.part_bgmodel.sortKey.addr.bgmodel.var   |    10248|    10248|              13|          4|          1|    2560|    yes   |
        | + memcpy..frame_in                               |     1281|     1281|               3|          1|          1|    1280|    yes   |
        | + memcpy.part2_bgmodel.sortKey.addr.bgmodel.var  |    10248|    10248|              13|          4|          1|    2560|    yes   |
        | + memcpy.bgmodel.var.part_bgmodel.sortKey.addr   |    17926|    17926|              14|          7|          1|    2560|    yes   |
        | + memcpy.frame_out.                              |     1281|     1281|               3|          1|          1|    1280|    yes   |
        | + memcpy.bgmodel.var.part2_bgmodel.sortKey.addr  |    17926|    17926|              14|          7|          1|    2560|    yes   |
        | + memcpy.frame_out.                              |     1281|     1281|               3|          1|          1|    1280|    yes   |
        +--------------------------------------------------+---------+---------+----------------+-----------+-----------+--------+----------+



================================================================
== Utilization Estimates
================================================================
* Summary: 
+-----------------+---------+-------+--------+-------+
|       Name      | BRAM_18K| DSP48E|   FF   |  LUT  |
+-----------------+---------+-------+--------+-------+
|DSP              |        -|      -|       -|      -|
|Expression       |        -|      -|       0|   1098|
|FIFO             |        -|      -|       -|      -|
|Instance         |        -|     20|    7574|  12108|
|Memory           |       68|      -|       0|      0|
|Multiplexer      |        -|      -|       -|   1103|
|Register         |        -|      -|    1848|     26|
+-----------------+---------+-------+--------+-------+
|Total            |       68|     20|    9422|  14335|
+-----------------+---------+-------+--------+-------+
|Available        |      280|    220|  106400|  53200|
+-----------------+---------+-------+--------+-------+
|Utilization (%)  |       24|      9|       8|     26|
+-----------------+---------+-------+--------+-------+

+ Detail: 
    * Instance: 
    +--------------------------+---------------+---------+-------+------+------+
    |         Instance         |     Module    | BRAM_18K| DSP48E|  FF  |  LUT |
    +--------------------------+---------------+---------+-------+------+------+
    |grp_bgsub_process_fu_611  |bgsub_process  |        0|     10|  3787|  6054|
    |grp_bgsub_process_fu_623  |bgsub_process  |        0|     10|  3787|  6054|
    +--------------------------+---------------+---------+-------+------+------+
    |Total                     |               |        0|     20|  7574| 12108|
    +--------------------------+---------------+---------+-------+------+------+

    * DSP48: 
    N/A

    * Memory: 
    +-------------------------+---------------------------------------+---------+---+----+------+-----+------+-------------+
    |          Memory         |                 Module                | BRAM_18K| FF| LUT| Words| Bits| Banks| W*Bits*Banks|
    +-------------------------+---------------------------------------+---------+---+----+------+-----+------+-------------+
    |part_bgmodel_sortKey_U   |bgsub_Block_proc_part_bgmodel_sortKey  |        8|  0|   0|  2560|   32|     1|        81920|
    |part_bgmodel_weight_U    |bgsub_Block_proc_part_bgmodel_sortKey  |        8|  0|   0|  2560|   32|     1|        81920|
    |part_bgmodel_mean_U      |bgsub_Block_proc_part_bgmodel_sortKey  |        8|  0|   0|  2560|   32|     1|        81920|
    |part_bgmodel_var_U       |bgsub_Block_proc_part_bgmodel_sortKey  |        8|  0|   0|  2560|   32|     1|        81920|
    |part2_bgmodel_sortKey_U  |bgsub_Block_proc_part_bgmodel_sortKey  |        8|  0|   0|  2560|   32|     1|        81920|
    |part2_bgmodel_weight_U   |bgsub_Block_proc_part_bgmodel_sortKey  |        8|  0|   0|  2560|   32|     1|        81920|
    |part2_bgmodel_mean_U     |bgsub_Block_proc_part_bgmodel_sortKey  |        8|  0|   0|  2560|   32|     1|        81920|
    |part2_bgmodel_var_U      |bgsub_Block_proc_part_bgmodel_sortKey  |        8|  0|   0|  2560|   32|     1|        81920|
    |part_frame_in_U          |bgsub_Block_proc_part_frame_in         |        1|  0|   0|  1280|    8|     1|        10240|
    |part2_frame_in_U         |bgsub_Block_proc_part_frame_in         |        1|  0|   0|  1280|    8|     1|        10240|
    |part_frame_out_U         |bgsub_Block_proc_part_frame_out        |        1|  0|   0|  1280|    1|     1|         1280|
    |part2_frame_out_U        |bgsub_Block_proc_part_frame_out        |        1|  0|   0|  1280|    1|     1|         1280|
    +-------------------------+---------------------------------------+---------+---+----+------+-----+------+-------------+
    |Total                    |                                       |       68|  0|   0| 25600|  274|    12|       678400|
    +-------------------------+---------------------------------------+---------+---+----+------+-----+------+-------------+

    * FIFO: 
    N/A

    * Expression: 
    +-------------------------+----------+-------+---+----+------------+------------+
    |      Variable Name      | Operation| DSP48E| FF| LUT| Bitwidth P0| Bitwidth P1|
    +-------------------------+----------+-------+---+----+------------+------------+
    |indvar_next1_fu_1050_p2  |     +    |      0|  0|  11|          11|           1|
    |indvar_next2_fu_1285_p2  |     +    |      0|  0|  11|          11|           1|
    |indvar_next3_fu_1411_p2  |     +    |      0|  0|  11|          11|           1|
    |indvar_next4_fu_910_p2   |     +    |      0|  0|  12|          12|           1|
    |indvar_next5_fu_1099_p2  |     +    |      0|  0|  12|          12|           1|
    |indvar_next6_fu_1188_p2  |     +    |      0|  0|  12|          12|           1|
    |indvar_next7_fu_1314_p2  |     +    |      0|  0|  12|          12|           1|
    |indvar_next_fu_859_p2    |     +    |      0|  0|  11|          11|           1|
    |p_1_fu_731_p2            |     +    |      0|  0|  18|          18|           1|
    |part_1_fu_1430_p2        |     +    |      0|  0|   6|           6|           2|
    |sum10_fu_1129_p2         |     +    |      0|  0|  31|          31|          31|
    |sum11_fu_1208_p2         |     +    |      0|  0|  31|          31|          31|
    |sum12_fu_1143_p2         |     +    |      0|  0|  31|          31|          31|
    |sum13_fu_1157_p2         |     +    |      0|  0|  31|          31|          31|
    |sum14_fu_1223_p2         |     +    |      0|  0|  31|          31|          31|
    |sum15_fu_1237_p2         |     +    |      0|  0|  31|          31|          31|
    |sum16_fu_1251_p2         |     +    |      0|  0|  31|          31|          31|
    |sum17_fu_1349_p2         |     +    |      0|  0|  31|          31|          31|
    |sum18_fu_1363_p2         |     +    |      0|  0|  31|          31|          31|
    |sum19_fu_1367_p2         |     +    |      0|  0|  31|          31|          31|
    |sum1_fu_756_p2           |     +    |      0|  0|  31|          31|          31|
    |sum2_fu_770_p2           |     +    |      0|  0|  31|          31|          31|
    |sum3_fu_784_p2           |     +    |      0|  0|  31|          31|          31|
    |sum4_fu_968_p2           |     +    |      0|  0|  31|          31|          31|
    |sum5_fu_1334_p2          |     +    |      0|  0|  31|          31|          31|
    |sum6_fu_940_p2           |     +    |      0|  0|  31|          31|          31|
    |sum7_fu_925_p2           |     +    |      0|  0|  31|          31|          31|
    |sum8_fu_954_p2           |     +    |      0|  0|  31|          31|          31|
    |sum9_fu_1114_p2          |     +    |      0|  0|  31|          31|          31|
    |sum_fu_741_p2            |     +    |      0|  0|  31|          31|          31|
    |tmp_35_fu_828_p2         |     +    |      0|  0|  17|          17|          17|
    |tmp_36_fu_894_p2         |     +    |      0|  0|  18|          18|          18|
    |tmp_40_fu_1019_p2        |     +    |      0|  0|  17|          17|          17|
    |tmp_41_fu_916_p2         |     +    |      0|  0|  18|          18|          18|
    |tmp_44_fu_1083_p2        |     +    |      0|  0|  18|          18|          18|
    |tmp_48_fu_1105_p2        |     +    |      0|  0|  18|          18|          18|
    |tmp_52_fu_1199_p2        |     +    |      0|  0|  18|          18|          18|
    |tmp_57_fu_1325_p2        |     +    |      0|  0|  18|          18|          18|
    |tmp_91_fu_838_p2         |     +    |      0|  0|  33|          33|          33|
    |tmp_94_fu_1029_p2        |     +    |      0|  0|  33|          33|          33|
    |tmp_96_fu_1265_p2        |     +    |      0|  0|  33|          33|          33|
    |tmp_98_fu_1391_p2        |     +    |      0|  0|  33|          33|          33|
    |extLd1_fu_1422_p3        |  Select  |      0|  0|   2|           1|           2|
    |extLd_fu_1296_p3         |  Select  |      0|  0|   2|           1|           2|
    |ap_sig_bdd_1560          |    and   |      0|  0|   1|           1|           1|
    |ap_sig_bdd_1562          |    and   |      0|  0|   1|           1|           1|
    |ap_sig_bdd_1564          |    and   |      0|  0|   1|           1|           1|
    |ap_sig_bdd_1568          |    and   |      0|  0|   1|           1|           1|
    |ap_sig_bdd_1570          |    and   |      0|  0|   1|           1|           1|
    |ap_sig_bdd_1572          |    and   |      0|  0|   1|           1|           1|
    |ap_sig_bdd_1629          |    and   |      0|  0|   1|           1|           1|
    |ap_sig_bdd_1653          |    and   |      0|  0|   1|           1|           1|
    |ap_sig_bdd_1661          |    and   |      0|  0|   1|           1|           1|
    |ap_sig_bdd_1670          |    and   |      0|  0|   1|           1|           1|
    |ap_sig_bdd_1680          |    and   |      0|  0|   1|           1|           1|
    |ap_sig_bdd_1688          |    and   |      0|  0|   1|           1|           1|
    |ap_sig_bdd_1697          |    and   |      0|  0|   1|           1|           1|
    |ap_sig_bdd_1706          |    and   |      0|  0|   1|           1|           1|
    |ap_sig_bdd_1716          |    and   |      0|  0|   1|           1|           1|
    |ap_sig_bdd_1778          |    and   |      0|  0|   1|           1|           1|
    |ap_sig_bdd_1853          |    and   |      0|  0|   1|           1|           1|
    |ap_sig_bdd_1911          |    and   |      0|  0|   1|           1|           1|
    |ap_sig_bdd_1923          |    and   |      0|  0|   1|           1|           1|
    |ap_sig_bdd_227           |    and   |      0|  0|   1|           1|           1|
    |ap_sig_bdd_259           |    and   |      0|  0|   1|           1|           1|
    |ap_sig_bdd_284           |    and   |      0|  0|   1|           1|           1|
    |ap_sig_bdd_313           |    and   |      0|  0|   1|           1|           1|
    |ap_sig_bdd_357           |    and   |      0|  0|   1|           1|           1|
    |ap_sig_bdd_380           |    and   |      0|  0|   1|           1|           1|
    |ap_sig_bdd_711           |    and   |      0|  0|   1|           1|           1|
    |ap_sig_bdd_769           |    and   |      0|  0|   1|           1|           1|
    |ap_sig_bdd_899           |    and   |      0|  0|   1|           1|           1|
    |ap_sig_bdd_957           |    and   |      0|  0|   1|           1|           1|
    |exitcond1_fu_853_p2      |   icmp   |      0|  0|   4|          11|          11|
    |exitcond2_fu_1308_p2     |   icmp   |      0|  0|   5|          12|          12|
    |exitcond4_fu_1044_p2     |   icmp   |      0|  0|   4|          11|          11|
    |exitcond5_fu_1279_p2     |   icmp   |      0|  0|   4|          11|          11|
    |exitcond6_fu_1405_p2     |   icmp   |      0|  0|   4|          11|          11|
    |exitcond7_fu_904_p2      |   icmp   |      0|  0|   5|          12|          12|
    |exitcond8_fu_1093_p2     |   icmp   |      0|  0|   5|          12|          12|
    |exitcond9_fu_1182_p2     |   icmp   |      0|  0|   5|          12|          12|
    |exitcond_fu_725_p2       |   icmp   |      0|  0|   7|          18|          18|
    |tmp_34_fu_798_p2         |   icmp   |      0|  0|   3|           6|           4|
    |ap_sig_bdd_436           |    or    |      0|  0|   1|           1|           1|
    |tmp_39_fu_989_p2         |    or    |      0|  0|   8|           6|           1|
    +-------------------------+----------+-------+---+----+------------+------------+
    |Total                    |          |      0|  0|1098|        1164|        1054|
    +-------------------------+----------+-------+---+----+------------+------------+

    * Multiplexer: 
    +----------------------------------------------+-----+-----------+-----+-----------+
    |                     Name                     | LUT | Input Size| Bits| Total Bits|
    +----------------------------------------------+-----+-----------+-----+-----------+
    |ap_NS_fsm                                     |  168|         76|    1|         76|
    |ap_reg_ppiten_pp0_it2                         |    1|          2|    1|          2|
    |ap_reg_ppiten_pp1_it3                         |    1|          2|    1|          2|
    |ap_reg_ppiten_pp2_it2                         |    1|          2|    1|          2|
    |ap_reg_ppiten_pp3_it3                         |    1|          2|    1|          2|
    |ap_reg_ppiten_pp5_it2                         |    1|          2|    1|          2|
    |ap_reg_ppiten_pp7_it2                         |    1|          2|    1|          2|
    |ap_sig_ioackin_m_axi_bgmodel_sortKey_ARREADY  |    1|          2|    1|          2|
    |ap_sig_ioackin_m_axi_bgmodel_sortKey_AWREADY  |    1|          2|    1|          2|
    |ap_sig_ioackin_m_axi_bgmodel_sortKey_WREADY   |    1|          2|    1|          2|
    |ap_sig_ioackin_m_axi_frame_out_ARREADY        |    1|          2|    1|          2|
    |ap_sig_ioackin_m_axi_frame_out_AWREADY        |    1|          2|    1|          2|
    |ap_sig_ioackin_m_axi_frame_out_WREADY         |    1|          2|    1|          2|
    |indvar1_phi_fu_547_p4                         |   11|          2|   11|         22|
    |indvar1_reg_543                               |   11|          2|   11|         22|
    |indvar2_reg_578                               |   11|          2|   11|         22|
    |indvar3_reg_600                               |   11|          2|   11|         22|
    |indvar4_phi_fu_535_p4                         |   12|          2|   12|         24|
    |indvar4_reg_531                               |   12|          2|   12|         24|
    |indvar5_phi_fu_559_p4                         |   12|          2|   12|         24|
    |indvar5_reg_555                               |   12|          2|   12|         24|
    |indvar6_phi_fu_571_p4                         |   12|          2|   12|         24|
    |indvar6_reg_567                               |   12|          2|   12|         24|
    |indvar7_phi_fu_593_p4                         |   12|          2|   12|         24|
    |indvar7_reg_589                               |   12|          2|   12|         24|
    |indvar_phi_fu_523_p4                          |   11|          2|   11|         22|
    |indvar_reg_519                                |   11|          2|   11|         22|
    |learningRate_reg_494                          |    7|          2|    7|         14|
    |m_axi_bgmodel_sortKey_ARADDR                  |   64|          9|   32|        288|
    |m_axi_bgmodel_sortKey_AWADDR                  |   96|         13|   32|        416|
    |m_axi_bgmodel_sortKey_WDATA                   |   64|         10|   32|        320|
    |m_axi_frame_out_ARADDR                        |   32|          3|   32|         96|
    |m_axi_frame_out_AWADDR                        |   32|          3|   32|         96|
    |m_axi_frame_out_WDATA                         |    8|          3|    8|         24|
    |p_reg_483                                     |   18|          2|   18|         36|
    |part2_bgmodel_mean_address0                   |   12|          4|   12|         48|
    |part2_bgmodel_mean_ce0                        |    1|          3|    1|          3|
    |part2_bgmodel_mean_ce1                        |    1|          2|    1|          2|
    |part2_bgmodel_mean_d0                         |   32|          3|   32|         96|
    |part2_bgmodel_mean_we0                        |    1|          3|    1|          3|
    |part2_bgmodel_mean_we1                        |    1|          2|    1|          2|
    |part2_bgmodel_sortKey_address0                |   12|          4|   12|         48|
    |part2_bgmodel_sortKey_ce0                     |    1|          3|    1|          3|
    |part2_bgmodel_sortKey_ce1                     |    1|          2|    1|          2|
    |part2_bgmodel_sortKey_d0                      |   32|          3|   32|         96|
    |part2_bgmodel_sortKey_we0                     |    1|          3|    1|          3|
    |part2_bgmodel_sortKey_we1                     |    1|          2|    1|          2|
    |part2_bgmodel_var_address0                    |   12|          4|   12|         48|
    |part2_bgmodel_var_ce0                         |    1|          3|    1|          3|
    |part2_bgmodel_var_ce1                         |    1|          2|    1|          2|
    |part2_bgmodel_var_d0                          |   32|          3|   32|         96|
    |part2_bgmodel_var_we0                         |    1|          3|    1|          3|
    |part2_bgmodel_var_we1                         |    1|          2|    1|          2|
    |part2_bgmodel_weight_address0                 |   12|          4|   12|         48|
    |part2_bgmodel_weight_ce0                      |    1|          3|    1|          3|
    |part2_bgmodel_weight_ce1                      |    1|          2|    1|          2|
    |part2_bgmodel_weight_d0                       |   32|          3|   32|         96|
    |part2_bgmodel_weight_we0                      |    1|          3|    1|          3|
    |part2_bgmodel_weight_we1                      |    1|          2|    1|          2|
    |part2_frame_in_address0                       |   11|          3|   11|         33|
    |part2_frame_in_ce0                            |    1|          3|    1|          3|
    |part2_frame_out_address0                      |   11|          3|   11|         33|
    |part2_frame_out_ce0                           |    1|          3|    1|          3|
    |part2_frame_out_we0                           |    1|          2|    1|          2|
    |part_bgmodel_mean_address0                    |   12|          4|   12|         48|
    |part_bgmodel_mean_ce0                         |    1|          3|    1|          3|
    |part_bgmodel_mean_ce1                         |    1|          2|    1|          2|
    |part_bgmodel_mean_d0                          |   32|          3|   32|         96|
    |part_bgmodel_mean_we0                         |    1|          3|    1|          3|
    |part_bgmodel_mean_we1                         |    1|          2|    1|          2|
    |part_bgmodel_sortKey_address0                 |   12|          4|   12|         48|
    |part_bgmodel_sortKey_ce0                      |    1|          3|    1|          3|
    |part_bgmodel_sortKey_ce1                      |    1|          2|    1|          2|
    |part_bgmodel_sortKey_d0                       |   32|          3|   32|         96|
    |part_bgmodel_sortKey_we0                      |    1|          3|    1|          3|
    |part_bgmodel_sortKey_we1                      |    1|          2|    1|          2|
    |part_bgmodel_var_address0                     |   12|          4|   12|         48|
    |part_bgmodel_var_ce0                          |    1|          3|    1|          3|
    |part_bgmodel_var_ce1                          |    1|          2|    1|          2|
    |part_bgmodel_var_d0                           |   32|          3|   32|         96|
    |part_bgmodel_var_we0                          |    1|          3|    1|          3|
    |part_bgmodel_var_we1                          |    1|          2|    1|          2|
    |part_bgmodel_weight_address0                  |   12|          4|   12|         48|
    |part_bgmodel_weight_ce0                       |    1|          3|    1|          3|
    |part_bgmodel_weight_ce1                       |    1|          2|    1|          2|
    |part_bgmodel_weight_d0                        |   32|          3|   32|         96|
    |part_bgmodel_weight_we0                       |    1|          3|    1|          3|
    |part_bgmodel_weight_we1                       |    1|          2|    1|          2|
    |part_frame_in_address0                        |   11|          3|   11|         33|
    |part_frame_in_ce0                             |    1|          3|    1|          3|
    |part_frame_out_address0                       |   11|          3|   11|         33|
    |part_frame_out_ce0                            |    1|          3|    1|          3|
    |part_frame_out_we0                            |    1|          2|    1|          2|
    |part_reg_507                                  |    6|          2|    6|         12|
    +----------------------------------------------+-----+-----------+-----+-----------+
    |Total                                         | 1103|        339|  808|       3106|
    +----------------------------------------------+-----+-----------+-----+-----------+

    * Register: 
    +------------------------------------------------+----+----+-----+-----------+
    |                      Name                      | FF | LUT| Bits| Const Bits|
    +------------------------------------------------+----+----+-----+-----------+
    |ap_CS_fsm                                       |  75|   0|   75|          0|
    |ap_done_reg                                     |   1|   0|    1|          0|
    |ap_reg_ioackin_m_axi_bgmodel_sortKey_ARREADY    |   1|   0|    1|          0|
    |ap_reg_ioackin_m_axi_bgmodel_sortKey_AWREADY    |   1|   0|    1|          0|
    |ap_reg_ioackin_m_axi_bgmodel_sortKey_WREADY     |   1|   0|    1|          0|
    |ap_reg_ioackin_m_axi_frame_out_ARREADY          |   1|   0|    1|          0|
    |ap_reg_ioackin_m_axi_frame_out_AWREADY          |   1|   0|    1|          0|
    |ap_reg_ioackin_m_axi_frame_out_WREADY           |   1|   0|    1|          0|
    |ap_reg_ppiten_pp0_it0                           |   1|   0|    1|          0|
    |ap_reg_ppiten_pp0_it1                           |   1|   0|    1|          0|
    |ap_reg_ppiten_pp0_it2                           |   1|   0|    1|          0|
    |ap_reg_ppiten_pp1_it0                           |   1|   0|    1|          0|
    |ap_reg_ppiten_pp1_it1                           |   1|   0|    1|          0|
    |ap_reg_ppiten_pp1_it2                           |   1|   0|    1|          0|
    |ap_reg_ppiten_pp1_it3                           |   1|   0|    1|          0|
    |ap_reg_ppiten_pp2_it0                           |   1|   0|    1|          0|
    |ap_reg_ppiten_pp2_it1                           |   1|   0|    1|          0|
    |ap_reg_ppiten_pp2_it2                           |   1|   0|    1|          0|
    |ap_reg_ppiten_pp3_it0                           |   1|   0|    1|          0|
    |ap_reg_ppiten_pp3_it1                           |   1|   0|    1|          0|
    |ap_reg_ppiten_pp3_it2                           |   1|   0|    1|          0|
    |ap_reg_ppiten_pp3_it3                           |   1|   0|    1|          0|
    |ap_reg_ppiten_pp4_it0                           |   1|   0|    1|          0|
    |ap_reg_ppiten_pp4_it1                           |   1|   0|    1|          0|
    |ap_reg_ppiten_pp5_it0                           |   1|   0|    1|          0|
    |ap_reg_ppiten_pp5_it1                           |   1|   0|    1|          0|
    |ap_reg_ppiten_pp5_it2                           |   1|   0|    1|          0|
    |ap_reg_ppiten_pp6_it0                           |   1|   0|    1|          0|
    |ap_reg_ppiten_pp6_it1                           |   1|   0|    1|          0|
    |ap_reg_ppiten_pp7_it0                           |   1|   0|    1|          0|
    |ap_reg_ppiten_pp7_it1                           |   1|   0|    1|          0|
    |ap_reg_ppiten_pp7_it2                           |   1|   0|    1|          0|
    |ap_reg_ppstg_exitcond1_reg_1557_pp0_it1         |   1|   0|    1|          0|
    |ap_reg_ppstg_exitcond2_reg_1861_pp6_it1         |   1|   0|    1|          0|
    |ap_reg_ppstg_exitcond4_reg_1654_pp2_it1         |   1|   0|    1|          0|
    |ap_reg_ppstg_exitcond5_reg_1842_pp5_it1         |   1|   0|    1|          0|
    |ap_reg_ppstg_exitcond6_reg_1969_pp7_it1         |   1|   0|    1|          0|
    |ap_reg_ppstg_exitcond9_reg_1734_pp4_it1         |   1|   0|    1|          0|
    |ap_reg_ppstg_indvar1_reg_543_pp2_it1            |  11|   0|   11|          0|
    |ap_reg_ppstg_indvar_reg_519_pp0_it1             |  11|   0|   11|          0|
    |exitcond1_reg_1557                              |   1|   0|    1|          0|
    |exitcond2_reg_1861                              |   1|   0|    1|          0|
    |exitcond4_reg_1654                              |   1|   0|    1|          0|
    |exitcond5_reg_1842                              |   1|   0|    1|          0|
    |exitcond6_reg_1969                              |   1|   0|    1|          0|
    |exitcond7_reg_1572                              |   1|   0|    1|          0|
    |exitcond8_reg_1669                              |   1|   0|    1|          0|
    |exitcond9_reg_1734                              |   1|   0|    1|          0|
    |extLd1_reg_1983                                 |   8|   0|    8|          0|
    |extLd_reg_1856                                  |   8|   0|    8|          0|
    |frame_out_addr_2_reg_1648                       |  32|   0|   32|          0|
    |frame_out_addr_3_reg_1837                       |  32|   0|   32|          0|
    |frame_out_addr_4_reg_1964                       |  32|   0|   32|          0|
    |frame_out_addr_reg_1551                         |  32|   0|   32|          0|
    |grp_bgsub_process_fu_611_ap_start_ap_start_reg  |   1|   0|    1|          0|
    |grp_bgsub_process_fu_623_ap_start_ap_start_reg  |   1|   0|    1|          0|
    |indvar1_reg_543                                 |  11|   0|   11|          0|
    |indvar2_reg_578                                 |  11|   0|   11|          0|
    |indvar3_reg_600                                 |  11|   0|   11|          0|
    |indvar4_reg_531                                 |  12|   0|   12|          0|
    |indvar5_reg_555                                 |  12|   0|   12|          0|
    |indvar6_reg_567                                 |  12|   0|   12|          0|
    |indvar7_reg_589                                 |  12|   0|   12|          0|
    |indvar_next1_reg_1658                           |  11|   0|   11|          0|
    |indvar_next4_reg_1576                           |  12|   0|   12|          0|
    |indvar_next5_reg_1673                           |  12|   0|   12|          0|
    |indvar_next6_reg_1738                           |  12|   0|   12|          0|
    |indvar_next7_reg_1865                           |  12|   0|   12|          0|
    |indvar_next_reg_1561                            |  11|   0|   11|          0|
    |indvar_reg_519                                  |  11|   0|   11|          0|
    |learningRate_reg_494                            |   7|   0|   32|         25|
    |p_1_reg_1491                                    |  18|   0|   18|          0|
    |p_reg_483                                       |  18|   0|   18|          0|
    |part2_bgmodel_mean_load_reg_1944                |  32|   0|   32|          0|
    |part2_bgmodel_sortKey_load_reg_1894             |  32|   0|   32|          0|
    |part2_bgmodel_var_load_reg_1954                 |  32|   0|   32|          0|
    |part2_bgmodel_weight_load_reg_1914              |  32|   0|   32|          0|
    |part_1_reg_1988                                 |   6|   0|    6|          0|
    |part_bgmodel_mean_load_reg_1812                 |  32|   0|   32|          0|
    |part_bgmodel_sortKey_load_reg_1767              |  32|   0|   32|          0|
    |part_bgmodel_var_load_reg_1822                  |  32|   0|   32|          0|
    |part_bgmodel_weight_load_reg_1787               |  32|   0|   32|          0|
    |part_reg_507                                    |   6|   0|    6|          0|
    |reg_635                                         |   8|   0|    8|          0|
    |reg_641                                         |  32|   0|   32|          0|
    |reg_649                                         |  32|   0|   32|          0|
    |reg_655                                         |  32|   0|   32|          0|
    |sum10_reg_1696                                  |  31|   0|   31|          0|
    |sum11_reg_1762                                  |  31|   0|   31|          0|
    |sum12_reg_1707                                  |  31|   0|   31|          0|
    |sum13_reg_1718                                  |  31|   0|   31|          0|
    |sum14_reg_1782                                  |  31|   0|   31|          0|
    |sum15_reg_1802                                  |  31|   0|   31|          0|
    |sum16_reg_1827                                  |  31|   0|   31|          0|
    |sum17_reg_1909                                  |  31|   0|   31|          0|
    |sum18_reg_1929                                  |  31|   0|   31|          0|
    |sum19_reg_1939                                  |  31|   0|   31|          0|
    |sum1_reg_1513                                   |  31|   0|   31|          0|
    |sum2_reg_1523                                   |  31|   0|   31|          0|
    |sum3_reg_1533                                   |  31|   0|   31|          0|
    |sum4_reg_1621                                   |  31|   0|   31|          0|
    |sum5_reg_1889                                   |  31|   0|   31|          0|
    |sum6_reg_1599                                   |  31|   0|   31|          0|
    |sum7_reg_1588                                   |  31|   0|   31|          0|
    |sum8_reg_1610                                   |  31|   0|   31|          0|
    |sum9_reg_1685                                   |  31|   0|   31|          0|
    |sum_reg_1503                                    |  31|   0|   31|          0|
    |tmp_36_reg_1566                                 |   9|   0|   18|          9|
    |tmp_39_reg_1637                                 |   5|   0|    6|          1|
    |tmp_42_cast_reg_1581                            |  18|   0|   31|         13|
    |tmp_43_reg_1632                                 |  12|   0|   64|         52|
    |tmp_44_reg_1663                                 |   8|   0|   18|         10|
    |tmp_49_cast_reg_1678                            |  18|   0|   31|         13|
    |tmp_50_reg_1729                                 |  12|   0|   64|         52|
    |tmp_51_reg_1743                                 |  12|   0|   64|         52|
    |tmp_53_cast_reg_1755                            |  18|   0|   31|         13|
    |tmp_56_reg_1870                                 |  12|   0|   64|         52|
    |tmp_58_cast_reg_1882                            |  18|   0|   31|         13|
    |tmp_61_cast_reg_1440                            |  33|   0|   33|          0|
    |tmp_62_cast_reg_1446                            |  33|   0|   33|          0|
    |tmp_63_cast_reg_1452                            |  30|   0|   31|          1|
    |tmp_64_cast_reg_1461                            |  30|   0|   31|          1|
    |tmp_65_cast_reg_1470                            |  30|   0|   31|          1|
    |tmp_66_cast_reg_1479                            |  30|   0|   31|          1|
    |tmp_90_reg_1546                                 |   9|   0|   33|         24|
    |tmp_93_reg_1643                                 |   8|   0|   33|         25|
    |tmp_cast_reg_1496                               |  18|   0|   31|         13|
    |exitcond7_reg_1572                              |   0|   1|    1|          0|
    |exitcond8_reg_1669                              |   0|   1|    1|          0|
    |indvar4_reg_531                                 |   0|  12|   12|          0|
    |indvar5_reg_555                                 |   0|  12|   12|          0|
    +------------------------------------------------+----+----+-----+-----------+
    |Total                                           |1848|  26| 2245|        371|
    +------------------------------------------------+----+----+-----+-----------+



================================================================
== Interface
================================================================
* Summary: 
+--------------------------------+-----+-----+------------+-------------------+--------------+
|            RTL Ports           | Dir | Bits|  Protocol  |   Source Object   |    C Type    |
+--------------------------------+-----+-----+------------+-------------------+--------------+
|ap_clk                          |  in |    1| ap_ctrl_hs | bgsub_Block__proc | return value |
|ap_rst                          |  in |    1| ap_ctrl_hs | bgsub_Block__proc | return value |
|ap_start                        |  in |    1| ap_ctrl_hs | bgsub_Block__proc | return value |
|ap_done                         | out |    1| ap_ctrl_hs | bgsub_Block__proc | return value |
|ap_continue                     |  in |    1| ap_ctrl_hs | bgsub_Block__proc | return value |
|ap_idle                         | out |    1| ap_ctrl_hs | bgsub_Block__proc | return value |
|ap_ready                        | out |    1| ap_ctrl_hs | bgsub_Block__proc | return value |
|init                            |  in |    1|   ap_none  |        init       |    scalar    |
|m_axi_bgmodel_sortKey_AWVALID   | out |    1|    m_axi   |  bgmodel_sortKey  |    pointer   |
|m_axi_bgmodel_sortKey_AWREADY   |  in |    1|    m_axi   |  bgmodel_sortKey  |    pointer   |
|m_axi_bgmodel_sortKey_AWADDR    | out |   32|    m_axi   |  bgmodel_sortKey  |    pointer   |
|m_axi_bgmodel_sortKey_AWID      | out |    1|    m_axi   |  bgmodel_sortKey  |    pointer   |
|m_axi_bgmodel_sortKey_AWLEN     | out |   32|    m_axi   |  bgmodel_sortKey  |    pointer   |
|m_axi_bgmodel_sortKey_AWSIZE    | out |    3|    m_axi   |  bgmodel_sortKey  |    pointer   |
|m_axi_bgmodel_sortKey_AWBURST   | out |    2|    m_axi   |  bgmodel_sortKey  |    pointer   |
|m_axi_bgmodel_sortKey_AWLOCK    | out |    2|    m_axi   |  bgmodel_sortKey  |    pointer   |
|m_axi_bgmodel_sortKey_AWCACHE   | out |    4|    m_axi   |  bgmodel_sortKey  |    pointer   |
|m_axi_bgmodel_sortKey_AWPROT    | out |    3|    m_axi   |  bgmodel_sortKey  |    pointer   |
|m_axi_bgmodel_sortKey_AWQOS     | out |    4|    m_axi   |  bgmodel_sortKey  |    pointer   |
|m_axi_bgmodel_sortKey_AWREGION  | out |    4|    m_axi   |  bgmodel_sortKey  |    pointer   |
|m_axi_bgmodel_sortKey_AWUSER    | out |    1|    m_axi   |  bgmodel_sortKey  |    pointer   |
|m_axi_bgmodel_sortKey_WVALID    | out |    1|    m_axi   |  bgmodel_sortKey  |    pointer   |
|m_axi_bgmodel_sortKey_WREADY    |  in |    1|    m_axi   |  bgmodel_sortKey  |    pointer   |
|m_axi_bgmodel_sortKey_WDATA     | out |   32|    m_axi   |  bgmodel_sortKey  |    pointer   |
|m_axi_bgmodel_sortKey_WSTRB     | out |    4|    m_axi   |  bgmodel_sortKey  |    pointer   |
|m_axi_bgmodel_sortKey_WLAST     | out |    1|    m_axi   |  bgmodel_sortKey  |    pointer   |
|m_axi_bgmodel_sortKey_WID       | out |    1|    m_axi   |  bgmodel_sortKey  |    pointer   |
|m_axi_bgmodel_sortKey_WUSER     | out |    1|    m_axi   |  bgmodel_sortKey  |    pointer   |
|m_axi_bgmodel_sortKey_ARVALID   | out |    1|    m_axi   |  bgmodel_sortKey  |    pointer   |
|m_axi_bgmodel_sortKey_ARREADY   |  in |    1|    m_axi   |  bgmodel_sortKey  |    pointer   |
|m_axi_bgmodel_sortKey_ARADDR    | out |   32|    m_axi   |  bgmodel_sortKey  |    pointer   |
|m_axi_bgmodel_sortKey_ARID      | out |    1|    m_axi   |  bgmodel_sortKey  |    pointer   |
|m_axi_bgmodel_sortKey_ARLEN     | out |   32|    m_axi   |  bgmodel_sortKey  |    pointer   |
|m_axi_bgmodel_sortKey_ARSIZE    | out |    3|    m_axi   |  bgmodel_sortKey  |    pointer   |
|m_axi_bgmodel_sortKey_ARBURST   | out |    2|    m_axi   |  bgmodel_sortKey  |    pointer   |
|m_axi_bgmodel_sortKey_ARLOCK    | out |    2|    m_axi   |  bgmodel_sortKey  |    pointer   |
|m_axi_bgmodel_sortKey_ARCACHE   | out |    4|    m_axi   |  bgmodel_sortKey  |    pointer   |
|m_axi_bgmodel_sortKey_ARPROT    | out |    3|    m_axi   |  bgmodel_sortKey  |    pointer   |
|m_axi_bgmodel_sortKey_ARQOS     | out |    4|    m_axi   |  bgmodel_sortKey  |    pointer   |
|m_axi_bgmodel_sortKey_ARREGION  | out |    4|    m_axi   |  bgmodel_sortKey  |    pointer   |
|m_axi_bgmodel_sortKey_ARUSER    | out |    1|    m_axi   |  bgmodel_sortKey  |    pointer   |
|m_axi_bgmodel_sortKey_RVALID    |  in |    1|    m_axi   |  bgmodel_sortKey  |    pointer   |
|m_axi_bgmodel_sortKey_RREADY    | out |    1|    m_axi   |  bgmodel_sortKey  |    pointer   |
|m_axi_bgmodel_sortKey_RDATA     |  in |   32|    m_axi   |  bgmodel_sortKey  |    pointer   |
|m_axi_bgmodel_sortKey_RLAST     |  in |    1|    m_axi   |  bgmodel_sortKey  |    pointer   |
|m_axi_bgmodel_sortKey_RID       |  in |    1|    m_axi   |  bgmodel_sortKey  |    pointer   |
|m_axi_bgmodel_sortKey_RUSER     |  in |    1|    m_axi   |  bgmodel_sortKey  |    pointer   |
|m_axi_bgmodel_sortKey_RRESP     |  in |    2|    m_axi   |  bgmodel_sortKey  |    pointer   |
|m_axi_bgmodel_sortKey_BVALID    |  in |    1|    m_axi   |  bgmodel_sortKey  |    pointer   |
|m_axi_bgmodel_sortKey_BREADY    | out |    1|    m_axi   |  bgmodel_sortKey  |    pointer   |
|m_axi_bgmodel_sortKey_BRESP     |  in |    2|    m_axi   |  bgmodel_sortKey  |    pointer   |
|m_axi_bgmodel_sortKey_BID       |  in |    1|    m_axi   |  bgmodel_sortKey  |    pointer   |
|m_axi_bgmodel_sortKey_BUSER     |  in |    1|    m_axi   |  bgmodel_sortKey  |    pointer   |
|bgmodel_sortKey1                |  in |   32|   ap_none  |  bgmodel_sortKey1 |    scalar    |
|bgmodel_weight                  |  in |   32|   ap_none  |   bgmodel_weight  |    scalar    |
|bgmodel_mean                    |  in |   32|   ap_none  |    bgmodel_mean   |    scalar    |
|bgmodel_var                     |  in |   32|   ap_none  |    bgmodel_var    |    scalar    |
|m_axi_frame_out_AWVALID         | out |    1|    m_axi   |     frame_out     |    pointer   |
|m_axi_frame_out_AWREADY         |  in |    1|    m_axi   |     frame_out     |    pointer   |
|m_axi_frame_out_AWADDR          | out |   32|    m_axi   |     frame_out     |    pointer   |
|m_axi_frame_out_AWID            | out |    1|    m_axi   |     frame_out     |    pointer   |
|m_axi_frame_out_AWLEN           | out |   32|    m_axi   |     frame_out     |    pointer   |
|m_axi_frame_out_AWSIZE          | out |    3|    m_axi   |     frame_out     |    pointer   |
|m_axi_frame_out_AWBURST         | out |    2|    m_axi   |     frame_out     |    pointer   |
|m_axi_frame_out_AWLOCK          | out |    2|    m_axi   |     frame_out     |    pointer   |
|m_axi_frame_out_AWCACHE         | out |    4|    m_axi   |     frame_out     |    pointer   |
|m_axi_frame_out_AWPROT          | out |    3|    m_axi   |     frame_out     |    pointer   |
|m_axi_frame_out_AWQOS           | out |    4|    m_axi   |     frame_out     |    pointer   |
|m_axi_frame_out_AWREGION        | out |    4|    m_axi   |     frame_out     |    pointer   |
|m_axi_frame_out_AWUSER          | out |    1|    m_axi   |     frame_out     |    pointer   |
|m_axi_frame_out_WVALID          | out |    1|    m_axi   |     frame_out     |    pointer   |
|m_axi_frame_out_WREADY          |  in |    1|    m_axi   |     frame_out     |    pointer   |
|m_axi_frame_out_WDATA           | out |    8|    m_axi   |     frame_out     |    pointer   |
|m_axi_frame_out_WSTRB           | out |    1|    m_axi   |     frame_out     |    pointer   |
|m_axi_frame_out_WLAST           | out |    1|    m_axi   |     frame_out     |    pointer   |
|m_axi_frame_out_WID             | out |    1|    m_axi   |     frame_out     |    pointer   |
|m_axi_frame_out_WUSER           | out |    1|    m_axi   |     frame_out     |    pointer   |
|m_axi_frame_out_ARVALID         | out |    1|    m_axi   |     frame_out     |    pointer   |
|m_axi_frame_out_ARREADY         |  in |    1|    m_axi   |     frame_out     |    pointer   |
|m_axi_frame_out_ARADDR          | out |   32|    m_axi   |     frame_out     |    pointer   |
|m_axi_frame_out_ARID            | out |    1|    m_axi   |     frame_out     |    pointer   |
|m_axi_frame_out_ARLEN           | out |   32|    m_axi   |     frame_out     |    pointer   |
|m_axi_frame_out_ARSIZE          | out |    3|    m_axi   |     frame_out     |    pointer   |
|m_axi_frame_out_ARBURST         | out |    2|    m_axi   |     frame_out     |    pointer   |
|m_axi_frame_out_ARLOCK          | out |    2|    m_axi   |     frame_out     |    pointer   |
|m_axi_frame_out_ARCACHE         | out |    4|    m_axi   |     frame_out     |    pointer   |
|m_axi_frame_out_ARPROT          | out |    3|    m_axi   |     frame_out     |    pointer   |
|m_axi_frame_out_ARQOS           | out |    4|    m_axi   |     frame_out     |    pointer   |
|m_axi_frame_out_ARREGION        | out |    4|    m_axi   |     frame_out     |    pointer   |
|m_axi_frame_out_ARUSER          | out |    1|    m_axi   |     frame_out     |    pointer   |
|m_axi_frame_out_RVALID          |  in |    1|    m_axi   |     frame_out     |    pointer   |
|m_axi_frame_out_RREADY          | out |    1|    m_axi   |     frame_out     |    pointer   |
|m_axi_frame_out_RDATA           |  in |    8|    m_axi   |     frame_out     |    pointer   |
|m_axi_frame_out_RLAST           |  in |    1|    m_axi   |     frame_out     |    pointer   |
|m_axi_frame_out_RID             |  in |    1|    m_axi   |     frame_out     |    pointer   |
|m_axi_frame_out_RUSER           |  in |    1|    m_axi   |     frame_out     |    pointer   |
|m_axi_frame_out_RRESP           |  in |    2|    m_axi   |     frame_out     |    pointer   |
|m_axi_frame_out_BVALID          |  in |    1|    m_axi   |     frame_out     |    pointer   |
|m_axi_frame_out_BREADY          | out |    1|    m_axi   |     frame_out     |    pointer   |
|m_axi_frame_out_BRESP           |  in |    2|    m_axi   |     frame_out     |    pointer   |
|m_axi_frame_out_BID             |  in |    1|    m_axi   |     frame_out     |    pointer   |
|m_axi_frame_out_BUSER           |  in |    1|    m_axi   |     frame_out     |    pointer   |
|frame_out2                      |  in |   32|   ap_none  |     frame_out2    |    scalar    |
|frame_in                        |  in |   32|   ap_none  |      frame_in     |    scalar    |
+--------------------------------+-----+-----+------------+-------------------+--------------+

