

================================================================
== Vivado HLS Report for 'bgsub_Block_proc'
================================================================
* Date:           Fri Jan 12 01:07:14 2018

* Version:        2015.4 (Build 1412921 on Wed Nov 18 09:58:55 AM 2015)
* Project:        backsub_gmm_new_180110
* Solution:       solution1
* Product family: zynq
* Target device:  xc7z020clg484-1


================================================================
== Performance Estimates
================================================================
+ Timing (ns): 
    * Summary: 
    +--------+-------+----------+------------+
    |  Clock | Target| Estimated| Uncertainty|
    +--------+-------+----------+------------+
    |ap_clk  |  10.00|      9.58|        1.25|
    +--------+-------+----------+------------+

+ Latency (clock cycles): 
    * Summary: 
    +---------+---------+---------+---------+---------+
    |      Latency      |      Interval     | Pipeline|
    |   min   |   max   |   min   |   max   |   Type  |
    +---------+---------+---------+---------+---------+
    |  1214042|  4362846|  1214042|  4362846|   none  |
    +---------+---------+---------+---------+---------+

    + Detail: 
        * Instance: 
        +--------------------------+---------------+------+-------+------+-------+---------+
        |                          |               |    Latency   |   Interval   | Pipeline|
        |         Instance         |     Module    |  min |  max  |  min |  max  |   Type  |
        +--------------------------+---------------+------+-------+------+-------+---------+
        |grp_bgsub_process_fu_466  |bgsub_process  |  8644|  56004|  8644|  56004|   none  |
        |grp_bgsub_process_fu_475  |bgsub_process  |  8644|  56004|  8644|  56004|   none  |
        +--------------------------+---------------+------+-------+------+-------+---------+

        * Loop: 
        +-------------------------------------+---------+---------+---------------+-----------+-----------+--------+----------+
        |                                     |      Latency      |   Iteration   |  Initiation Interval  |  Trip  |          |
        |              Loop Name              |   min   |   max   |    Latency    |  achieved |   target  |  Count | Pipelined|
        +-------------------------------------+---------+---------+---------------+-----------+-----------+--------+----------+
        |- Loop 1                             |   307200|   307200|              1|          -|          -|  307200|    no    |
        |- Loop 2                             |  1214040|  4055640| 20234 ~ 67594 |          -|          -|      60|    no    |
        | + memcpy..frame_in                  |      321|      321|              3|          1|          1|     320|    yes   |
        | + memcpy.part_bgmodel.bgmodel       |     2561|     2561|              3|          1|          1|    2560|    yes   |
        | + memcpy..frame_in                  |      321|      321|              3|          1|          1|     320|    yes   |
        | + memcpy.part2_bgmodel.bgmodel      |     2561|     2561|              3|          1|          1|    2560|    yes   |
        | + memcpy.bgmodel.part_bgmodel.gep   |     2561|     2561|              3|          1|          1|    2560|    yes   |
        | + memcpy.frame_out.                 |      321|      321|              3|          1|          1|     320|    yes   |
        | + memcpy.bgmodel.part2_bgmodel.gep  |     2561|     2561|              3|          1|          1|    2560|    yes   |
        | + memcpy.frame_out.                 |      321|      321|              3|          1|          1|     320|    yes   |
        +-------------------------------------+---------+---------+---------------+-----------+-----------+--------+----------+



================================================================
== Utilization Estimates
================================================================
* Summary: 
+-----------------+---------+-------+--------+-------+
|       Name      | BRAM_18K| DSP48E|   FF   |  LUT  |
+-----------------+---------+-------+--------+-------+
|DSP              |        -|      -|       -|      -|
|Expression       |        -|      -|       0|    443|
|FIFO             |        -|      -|       -|      -|
|Instance         |        -|     20|    7368|  11690|
|Memory           |       18|      -|       4|     10|
|Multiplexer      |        -|      -|       -|    665|
|Register         |        -|      -|     818|      -|
+-----------------+---------+-------+--------+-------+
|Total            |       18|     20|    8190|  12808|
+-----------------+---------+-------+--------+-------+
|Available        |      280|    220|  106400|  53200|
+-----------------+---------+-------+--------+-------+
|Utilization (%)  |        6|      9|       7|     24|
+-----------------+---------+-------+--------+-------+

+ Detail: 
    * Instance: 
    +--------------------------+---------------+---------+-------+------+------+
    |         Instance         |     Module    | BRAM_18K| DSP48E|  FF  |  LUT |
    +--------------------------+---------------+---------+-------+------+------+
    |grp_bgsub_process_fu_466  |bgsub_process  |        0|     10|  3684|  5845|
    |grp_bgsub_process_fu_475  |bgsub_process  |        0|     10|  3684|  5845|
    +--------------------------+---------------+---------+-------+------+------+
    |Total                     |               |        0|     20|  7368| 11690|
    +--------------------------+---------------+---------+-------+------+------+

    * DSP48: 
    N/A

    * Memory: 
    +-------------------+---------------------------------+---------+---+----+------+-----+------+-------------+
    |       Memory      |              Module             | BRAM_18K| FF| LUT| Words| Bits| Banks| W*Bits*Banks|
    +-------------------+---------------------------------+---------+---+----+------+-----+------+-------------+
    |part_bgmodel_U     |bgsub_Block_proc_part_bgmodel    |        8|  0|   0|  2560|   32|     1|        81920|
    |part2_bgmodel_U    |bgsub_Block_proc_part_bgmodel    |        8|  0|   0|  2560|   32|     1|        81920|
    |part_frame_in_U    |bgsub_Block_proc_part_frame_in   |        1|  0|   0|   320|    8|     1|         2560|
    |part2_frame_in_U   |bgsub_Block_proc_part_frame_in   |        1|  0|   0|   320|    8|     1|         2560|
    |part_frame_out_U   |bgsub_Block_proc_part_frame_out  |        0|  2|   5|   320|    1|     1|          320|
    |part2_frame_out_U  |bgsub_Block_proc_part_frame_out  |        0|  2|   5|   320|    1|     1|          320|
    +-------------------+---------------------------------+---------+---+----+------+-----+------+-------------+
    |Total              |                                 |       18|  4|  10|  6400|   82|     6|       169600|
    +-------------------+---------------------------------+---------+---+----+------+-----+------+-------------+

    * FIFO: 
    N/A

    * Expression: 
    +------------------------+----------+-------+---+----+------------+------------+
    |      Variable Name     | Operation| DSP48E| FF| LUT| Bitwidth P0| Bitwidth P1|
    +------------------------+----------+-------+---+----+------------+------------+
    |indvar_next1_fu_668_p2  |     +    |      0|  0|  12|          12|           1|
    |indvar_next2_fu_740_p2  |     +    |      0|  0|   9|           9|           1|
    |indvar_next3_fu_804_p2  |     +    |      0|  0|  12|          12|           1|
    |indvar_next4_fu_821_p2  |     +    |      0|  0|  12|          12|           1|
    |indvar_next5_fu_852_p2  |     +    |      0|  0|   9|           9|           1|
    |indvar_next6_fu_877_p2  |     +    |      0|  0|  12|          12|           1|
    |indvar_next7_fu_908_p2  |     +    |      0|  0|   9|           9|           1|
    |indvar_next_fu_602_p2   |     +    |      0|  0|   9|           9|           1|
    |p_1_fu_535_p2           |     +    |      0|  0|  19|          19|           1|
    |part_1_fu_927_p2        |     +    |      0|  0|   7|           7|           2|
    |tmp_114_fu_581_p2       |     +    |      0|  0|  33|          33|          33|
    |tmp_117_fu_647_p2       |     +    |      0|  0|  31|          31|          31|
    |tmp_120_fu_719_p2       |     +    |      0|  0|  33|          33|          33|
    |tmp_123_fu_783_p2       |     +    |      0|  0|  31|          31|          31|
    |tmp_125_fu_832_p2       |     +    |      0|  0|  33|          33|          33|
    |tmp_127_fu_888_p2       |     +    |      0|  0|  33|          33|          33|
    |tmp_54_fu_571_p2        |     +    |      0|  0|  16|          16|          16|
    |tmp_55_fu_637_p2        |     +    |      0|  0|  19|          19|          19|
    |tmp_59_fu_709_p2        |     +    |      0|  0|  16|          16|          16|
    |tmp_62_fu_773_p2        |     +    |      0|  0|  19|          19|          19|
    |extLd1_fu_919_p3        |  Select  |      0|  0|   2|           1|           2|
    |extLd_fu_863_p3         |  Select  |      0|  0|   2|           1|           2|
    |ap_sig_bdd_1044         |    and   |      0|  0|   1|           1|           1|
    |ap_sig_bdd_1057         |    and   |      0|  0|   1|           1|           1|
    |ap_sig_bdd_1564         |    and   |      0|  0|   1|           1|           1|
    |ap_sig_bdd_217          |    and   |      0|  0|   1|           1|           1|
    |ap_sig_bdd_241          |    and   |      0|  0|   1|           1|           1|
    |ap_sig_bdd_264          |    and   |      0|  0|   1|           1|           1|
    |ap_sig_bdd_287          |    and   |      0|  0|   1|           1|           1|
    |ap_sig_bdd_859          |    and   |      0|  0|   1|           1|           1|
    |ap_sig_bdd_942          |    and   |      0|  0|   1|           1|           1|
    |ap_sig_bdd_953          |    and   |      0|  0|   1|           1|           1|
    |ap_sig_bdd_972          |    and   |      0|  0|   1|           1|           1|
    |ap_sig_bdd_978          |    and   |      0|  0|   1|           1|           1|
    |ap_sig_bdd_987          |    and   |      0|  0|   1|           1|           1|
    |ap_sig_bdd_994          |    and   |      0|  0|   1|           1|           1|
    |exitcond1_fu_596_p2     |   icmp   |      0|  0|   3|           9|           9|
    |exitcond2_fu_902_p2     |   icmp   |      0|  0|   3|           9|           9|
    |exitcond4_fu_662_p2     |   icmp   |      0|  0|   5|          12|          12|
    |exitcond5_fu_734_p2     |   icmp   |      0|  0|   3|           9|           9|
    |exitcond6_fu_798_p2     |   icmp   |      0|  0|   5|          12|          12|
    |exitcond7_fu_815_p2     |   icmp   |      0|  0|   5|          12|          12|
    |exitcond8_fu_846_p2     |   icmp   |      0|  0|   3|           9|           9|
    |exitcond9_fu_871_p2     |   icmp   |      0|  0|   5|          12|          12|
    |exitcond_fu_529_p2      |   icmp   |      0|  0|   7|          19|          19|
    |tmp_53_fu_541_p2        |   icmp   |      0|  0|   3|           7|           5|
    |ap_sig_bdd_326          |    or    |      0|  0|   1|           1|           1|
    |tmp_58_fu_679_p2        |    or    |      0|  0|   8|           7|           1|
    +------------------------+----------+-------+---+----+------------+------------+
    |Total                   |          |      0|  0| 443|         508|         403|
    +------------------------+----------+-------+---+----+------------+------------+

    * Multiplexer: 
    +----------------------------------------+-----+-----------+-----+-----------+
    |                  Name                  | LUT | Input Size| Bits| Total Bits|
    +----------------------------------------+-----+-----------+-----+-----------+
    |ap_NS_fsm                               |  154|         69|    1|         69|
    |ap_reg_ppiten_pp0_it2                   |    1|          2|    1|          2|
    |ap_reg_ppiten_pp1_it2                   |    1|          2|    1|          2|
    |ap_reg_ppiten_pp2_it2                   |    1|          2|    1|          2|
    |ap_reg_ppiten_pp3_it2                   |    1|          2|    1|          2|
    |ap_reg_ppiten_pp4_it2                   |    1|          2|    1|          2|
    |ap_reg_ppiten_pp5_it2                   |    1|          2|    1|          2|
    |ap_reg_ppiten_pp6_it2                   |    1|          2|    1|          2|
    |ap_reg_ppiten_pp7_it2                   |    1|          2|    1|          2|
    |ap_sig_ioackin_m_axi_bgmodel_ARREADY    |    1|          2|    1|          2|
    |ap_sig_ioackin_m_axi_bgmodel_AWREADY    |    1|          2|    1|          2|
    |ap_sig_ioackin_m_axi_bgmodel_WREADY     |    1|          2|    1|          2|
    |ap_sig_ioackin_m_axi_frame_out_ARREADY  |    1|          2|    1|          2|
    |ap_sig_ioackin_m_axi_frame_out_AWREADY  |    1|          2|    1|          2|
    |ap_sig_ioackin_m_axi_frame_out_WREADY   |    1|          2|    1|          2|
    |indvar1_phi_fu_402_p4                   |    9|          2|    9|         18|
    |indvar1_reg_398                         |    9|          2|    9|         18|
    |indvar2_phi_fu_414_p4                   |   12|          2|   12|         24|
    |indvar2_reg_410                         |   12|          2|   12|         24|
    |indvar3_reg_422                         |   12|          2|   12|         24|
    |indvar4_reg_433                         |    9|          2|    9|         18|
    |indvar5_reg_444                         |   12|          2|   12|         24|
    |indvar6_reg_455                         |    9|          2|    9|         18|
    |indvar9_phi_fu_390_p4                   |   12|          2|   12|         24|
    |indvar9_reg_386                         |   12|          2|   12|         24|
    |indvar_phi_fu_378_p4                    |    9|          2|    9|         18|
    |indvar_reg_374                          |    9|          2|    9|         18|
    |learningRate_reg_349                    |    7|          2|    7|         14|
    |m_axi_bgmodel_ARADDR                    |   32|          3|   32|         96|
    |m_axi_bgmodel_AWADDR                    |   32|          4|   32|        128|
    |m_axi_bgmodel_AWLEN                     |   32|          3|   32|         96|
    |m_axi_bgmodel_WDATA                     |   32|          4|   32|        128|
    |m_axi_frame_out_ARADDR                  |   32|          3|   32|         96|
    |m_axi_frame_out_AWADDR                  |   32|          3|   32|         96|
    |m_axi_frame_out_WDATA                   |    8|          3|    8|         24|
    |p_reg_338                               |   19|          2|   19|         38|
    |part2_bgmodel_address0                  |   12|          4|   12|         48|
    |part2_bgmodel_ce0                       |    1|          3|    1|          3|
    |part2_bgmodel_ce1                       |    1|          2|    1|          2|
    |part2_bgmodel_d0                        |   32|          3|   32|         96|
    |part2_bgmodel_we0                       |    1|          3|    1|          3|
    |part2_bgmodel_we1                       |    1|          2|    1|          2|
    |part2_frame_in_address0                 |    9|          3|    9|         27|
    |part2_frame_in_ce0                      |    1|          3|    1|          3|
    |part2_frame_out_address0                |    9|          3|    9|         27|
    |part2_frame_out_ce0                     |    1|          3|    1|          3|
    |part2_frame_out_we0                     |    1|          2|    1|          2|
    |part_bgmodel_address0                   |   12|          4|   12|         48|
    |part_bgmodel_ce0                        |    1|          3|    1|          3|
    |part_bgmodel_ce1                        |    1|          2|    1|          2|
    |part_bgmodel_d0                         |   32|          3|   32|         96|
    |part_bgmodel_we0                        |    1|          3|    1|          3|
    |part_bgmodel_we1                        |    1|          2|    1|          2|
    |part_frame_in_address0                  |    9|          3|    9|         27|
    |part_frame_in_ce0                       |    1|          3|    1|          3|
    |part_frame_out_address0                 |    9|          3|    9|         27|
    |part_frame_out_ce0                      |    1|          3|    1|          3|
    |part_frame_out_we0                      |    1|          2|    1|          2|
    |part_reg_362                            |    7|          2|    7|         14|
    +----------------------------------------+-----+-----------+-----+-----------+
    |Total                                   |  665|        212|  512|       1511|
    +----------------------------------------+-----+-----------+-----+-----------+

    * Register: 
    +------------------------------------------------+----+----+-----+-----------+
    |                      Name                      | FF | LUT| Bits| Const Bits|
    +------------------------------------------------+----+----+-----+-----------+
    |ap_CS_fsm                                       |  68|   0|   68|          0|
    |ap_done_reg                                     |   1|   0|    1|          0|
    |ap_reg_ioackin_m_axi_bgmodel_ARREADY            |   1|   0|    1|          0|
    |ap_reg_ioackin_m_axi_bgmodel_AWREADY            |   1|   0|    1|          0|
    |ap_reg_ioackin_m_axi_bgmodel_WREADY             |   1|   0|    1|          0|
    |ap_reg_ioackin_m_axi_frame_out_ARREADY          |   1|   0|    1|          0|
    |ap_reg_ioackin_m_axi_frame_out_AWREADY          |   1|   0|    1|          0|
    |ap_reg_ioackin_m_axi_frame_out_WREADY           |   1|   0|    1|          0|
    |ap_reg_ppiten_pp0_it0                           |   1|   0|    1|          0|
    |ap_reg_ppiten_pp0_it1                           |   1|   0|    1|          0|
    |ap_reg_ppiten_pp0_it2                           |   1|   0|    1|          0|
    |ap_reg_ppiten_pp1_it0                           |   1|   0|    1|          0|
    |ap_reg_ppiten_pp1_it1                           |   1|   0|    1|          0|
    |ap_reg_ppiten_pp1_it2                           |   1|   0|    1|          0|
    |ap_reg_ppiten_pp2_it0                           |   1|   0|    1|          0|
    |ap_reg_ppiten_pp2_it1                           |   1|   0|    1|          0|
    |ap_reg_ppiten_pp2_it2                           |   1|   0|    1|          0|
    |ap_reg_ppiten_pp3_it0                           |   1|   0|    1|          0|
    |ap_reg_ppiten_pp3_it1                           |   1|   0|    1|          0|
    |ap_reg_ppiten_pp3_it2                           |   1|   0|    1|          0|
    |ap_reg_ppiten_pp4_it0                           |   1|   0|    1|          0|
    |ap_reg_ppiten_pp4_it1                           |   1|   0|    1|          0|
    |ap_reg_ppiten_pp4_it2                           |   1|   0|    1|          0|
    |ap_reg_ppiten_pp5_it0                           |   1|   0|    1|          0|
    |ap_reg_ppiten_pp5_it1                           |   1|   0|    1|          0|
    |ap_reg_ppiten_pp5_it2                           |   1|   0|    1|          0|
    |ap_reg_ppiten_pp6_it0                           |   1|   0|    1|          0|
    |ap_reg_ppiten_pp6_it1                           |   1|   0|    1|          0|
    |ap_reg_ppiten_pp6_it2                           |   1|   0|    1|          0|
    |ap_reg_ppiten_pp7_it0                           |   1|   0|    1|          0|
    |ap_reg_ppiten_pp7_it1                           |   1|   0|    1|          0|
    |ap_reg_ppiten_pp7_it2                           |   1|   0|    1|          0|
    |ap_reg_ppstg_exitcond1_reg_982_pp0_it1          |   1|   0|    1|          0|
    |ap_reg_ppstg_exitcond2_reg_1124_pp7_it1         |   1|   0|    1|          0|
    |ap_reg_ppstg_exitcond4_reg_1002_pp1_it1         |   1|   0|    1|          0|
    |ap_reg_ppstg_exitcond5_reg_1028_pp2_it1         |   1|   0|    1|          0|
    |ap_reg_ppstg_exitcond6_reg_1048_pp3_it1         |   1|   0|    1|          0|
    |ap_reg_ppstg_exitcond7_reg_1057_pp4_it1         |   1|   0|    1|          0|
    |ap_reg_ppstg_exitcond8_reg_1081_pp5_it1         |   1|   0|    1|          0|
    |ap_reg_ppstg_exitcond9_reg_1100_pp6_it1         |   1|   0|    1|          0|
    |ap_reg_ppstg_indvar1_reg_398_pp2_it1            |   9|   0|    9|          0|
    |ap_reg_ppstg_indvar2_reg_410_pp3_it1            |  12|   0|   12|          0|
    |ap_reg_ppstg_indvar9_reg_386_pp1_it1            |  12|   0|   12|          0|
    |ap_reg_ppstg_indvar_reg_374_pp0_it1             |   9|   0|    9|          0|
    |bgmodel_addr_17_reg_996                         |  31|   0|   32|          1|
    |bgmodel_addr_18_reg_1042                        |  31|   0|   32|          1|
    |exitcond1_reg_982                               |   1|   0|    1|          0|
    |exitcond2_reg_1124                              |   1|   0|    1|          0|
    |exitcond4_reg_1002                              |   1|   0|    1|          0|
    |exitcond5_reg_1028                              |   1|   0|    1|          0|
    |exitcond6_reg_1048                              |   1|   0|    1|          0|
    |exitcond7_reg_1057                              |   1|   0|    1|          0|
    |exitcond8_reg_1081                              |   1|   0|    1|          0|
    |exitcond9_reg_1100                              |   1|   0|    1|          0|
    |extLd1_reg_1138                                 |   8|   0|    8|          0|
    |extLd_reg_1095                                  |   8|   0|    8|          0|
    |frame_out_addr_2_reg_1022                       |  32|   0|   32|          0|
    |frame_out_addr_3_reg_1076                       |  32|   0|   32|          0|
    |frame_out_addr_4_reg_1119                       |  32|   0|   32|          0|
    |frame_out_addr_reg_976                          |  32|   0|   32|          0|
    |grp_bgsub_process_fu_466_ap_start_ap_start_reg  |   1|   0|    1|          0|
    |grp_bgsub_process_fu_475_ap_start_ap_start_reg  |   1|   0|    1|          0|
    |indvar1_reg_398                                 |   9|   0|    9|          0|
    |indvar2_reg_410                                 |  12|   0|   12|          0|
    |indvar3_reg_422                                 |  12|   0|   12|          0|
    |indvar4_reg_433                                 |   9|   0|    9|          0|
    |indvar5_reg_444                                 |  12|   0|   12|          0|
    |indvar6_reg_455                                 |   9|   0|    9|          0|
    |indvar9_reg_386                                 |  12|   0|   12|          0|
    |indvar_next1_reg_1006                           |  12|   0|   12|          0|
    |indvar_next2_reg_1032                           |   9|   0|    9|          0|
    |indvar_next3_reg_1052                           |  12|   0|   12|          0|
    |indvar_next_reg_986                             |   9|   0|    9|          0|
    |indvar_reg_374                                  |   9|   0|    9|          0|
    |learningRate_reg_349                            |   7|   0|   32|         25|
    |p_reg_338                                       |  19|   0|   19|          0|
    |part2_bgmodel_load_reg_1114                     |  32|   0|   32|          0|
    |part_1_reg_1143                                 |   7|   0|    7|          0|
    |part_bgmodel_load_reg_1071                      |  32|   0|   32|          0|
    |part_reg_362                                    |   7|   0|    7|          0|
    |reg_484                                         |   8|   0|    8|          0|
    |reg_490                                         |  32|   0|   32|          0|
    |tmp_111_cast_reg_937                            |  33|   0|   33|          0|
    |tmp_112_cast_reg_943                            |  33|   0|   33|          0|
    |tmp_113_cast_reg_949                            |  30|   0|   31|          1|
    |tmp_113_reg_971                                 |  10|   0|   33|         23|
    |tmp_117_reg_991                                 |  31|   0|   31|          0|
    |tmp_119_reg_1017                                |   9|   0|   33|         24|
    |tmp_123_reg_1037                                |  31|   0|   31|          0|
    |tmp_58_reg_1011                                 |   6|   0|    7|          1|
    +------------------------------------------------+----+----+-----+-----------+
    |Total                                           | 818|   0|  894|         76|
    +------------------------------------------------+----+----+-----+-----------+



================================================================
== Interface
================================================================
* Summary: 
+--------------------------+-----+-----+------------+-------------------+--------------+
|         RTL Ports        | Dir | Bits|  Protocol  |   Source Object   |    C Type    |
+--------------------------+-----+-----+------------+-------------------+--------------+
|ap_clk                    |  in |    1| ap_ctrl_hs | bgsub_Block__proc | return value |
|ap_rst                    |  in |    1| ap_ctrl_hs | bgsub_Block__proc | return value |
|ap_start                  |  in |    1| ap_ctrl_hs | bgsub_Block__proc | return value |
|ap_done                   | out |    1| ap_ctrl_hs | bgsub_Block__proc | return value |
|ap_continue               |  in |    1| ap_ctrl_hs | bgsub_Block__proc | return value |
|ap_idle                   | out |    1| ap_ctrl_hs | bgsub_Block__proc | return value |
|ap_ready                  | out |    1| ap_ctrl_hs | bgsub_Block__proc | return value |
|init                      |  in |    1|   ap_none  |        init       |    scalar    |
|m_axi_bgmodel_AWVALID     | out |    1|    m_axi   |      bgmodel      |    pointer   |
|m_axi_bgmodel_AWREADY     |  in |    1|    m_axi   |      bgmodel      |    pointer   |
|m_axi_bgmodel_AWADDR      | out |   32|    m_axi   |      bgmodel      |    pointer   |
|m_axi_bgmodel_AWID        | out |    1|    m_axi   |      bgmodel      |    pointer   |
|m_axi_bgmodel_AWLEN       | out |   32|    m_axi   |      bgmodel      |    pointer   |
|m_axi_bgmodel_AWSIZE      | out |    3|    m_axi   |      bgmodel      |    pointer   |
|m_axi_bgmodel_AWBURST     | out |    2|    m_axi   |      bgmodel      |    pointer   |
|m_axi_bgmodel_AWLOCK      | out |    2|    m_axi   |      bgmodel      |    pointer   |
|m_axi_bgmodel_AWCACHE     | out |    4|    m_axi   |      bgmodel      |    pointer   |
|m_axi_bgmodel_AWPROT      | out |    3|    m_axi   |      bgmodel      |    pointer   |
|m_axi_bgmodel_AWQOS       | out |    4|    m_axi   |      bgmodel      |    pointer   |
|m_axi_bgmodel_AWREGION    | out |    4|    m_axi   |      bgmodel      |    pointer   |
|m_axi_bgmodel_AWUSER      | out |    1|    m_axi   |      bgmodel      |    pointer   |
|m_axi_bgmodel_WVALID      | out |    1|    m_axi   |      bgmodel      |    pointer   |
|m_axi_bgmodel_WREADY      |  in |    1|    m_axi   |      bgmodel      |    pointer   |
|m_axi_bgmodel_WDATA       | out |   32|    m_axi   |      bgmodel      |    pointer   |
|m_axi_bgmodel_WSTRB       | out |    4|    m_axi   |      bgmodel      |    pointer   |
|m_axi_bgmodel_WLAST       | out |    1|    m_axi   |      bgmodel      |    pointer   |
|m_axi_bgmodel_WID         | out |    1|    m_axi   |      bgmodel      |    pointer   |
|m_axi_bgmodel_WUSER       | out |    1|    m_axi   |      bgmodel      |    pointer   |
|m_axi_bgmodel_ARVALID     | out |    1|    m_axi   |      bgmodel      |    pointer   |
|m_axi_bgmodel_ARREADY     |  in |    1|    m_axi   |      bgmodel      |    pointer   |
|m_axi_bgmodel_ARADDR      | out |   32|    m_axi   |      bgmodel      |    pointer   |
|m_axi_bgmodel_ARID        | out |    1|    m_axi   |      bgmodel      |    pointer   |
|m_axi_bgmodel_ARLEN       | out |   32|    m_axi   |      bgmodel      |    pointer   |
|m_axi_bgmodel_ARSIZE      | out |    3|    m_axi   |      bgmodel      |    pointer   |
|m_axi_bgmodel_ARBURST     | out |    2|    m_axi   |      bgmodel      |    pointer   |
|m_axi_bgmodel_ARLOCK      | out |    2|    m_axi   |      bgmodel      |    pointer   |
|m_axi_bgmodel_ARCACHE     | out |    4|    m_axi   |      bgmodel      |    pointer   |
|m_axi_bgmodel_ARPROT      | out |    3|    m_axi   |      bgmodel      |    pointer   |
|m_axi_bgmodel_ARQOS       | out |    4|    m_axi   |      bgmodel      |    pointer   |
|m_axi_bgmodel_ARREGION    | out |    4|    m_axi   |      bgmodel      |    pointer   |
|m_axi_bgmodel_ARUSER      | out |    1|    m_axi   |      bgmodel      |    pointer   |
|m_axi_bgmodel_RVALID      |  in |    1|    m_axi   |      bgmodel      |    pointer   |
|m_axi_bgmodel_RREADY      | out |    1|    m_axi   |      bgmodel      |    pointer   |
|m_axi_bgmodel_RDATA       |  in |   32|    m_axi   |      bgmodel      |    pointer   |
|m_axi_bgmodel_RLAST       |  in |    1|    m_axi   |      bgmodel      |    pointer   |
|m_axi_bgmodel_RID         |  in |    1|    m_axi   |      bgmodel      |    pointer   |
|m_axi_bgmodel_RUSER       |  in |    1|    m_axi   |      bgmodel      |    pointer   |
|m_axi_bgmodel_RRESP       |  in |    2|    m_axi   |      bgmodel      |    pointer   |
|m_axi_bgmodel_BVALID      |  in |    1|    m_axi   |      bgmodel      |    pointer   |
|m_axi_bgmodel_BREADY      | out |    1|    m_axi   |      bgmodel      |    pointer   |
|m_axi_bgmodel_BRESP       |  in |    2|    m_axi   |      bgmodel      |    pointer   |
|m_axi_bgmodel_BID         |  in |    1|    m_axi   |      bgmodel      |    pointer   |
|m_axi_bgmodel_BUSER       |  in |    1|    m_axi   |      bgmodel      |    pointer   |
|bgmodel1                  |  in |   32|   ap_none  |      bgmodel1     |    scalar    |
|m_axi_frame_out_AWVALID   | out |    1|    m_axi   |     frame_out     |    pointer   |
|m_axi_frame_out_AWREADY   |  in |    1|    m_axi   |     frame_out     |    pointer   |
|m_axi_frame_out_AWADDR    | out |   32|    m_axi   |     frame_out     |    pointer   |
|m_axi_frame_out_AWID      | out |    1|    m_axi   |     frame_out     |    pointer   |
|m_axi_frame_out_AWLEN     | out |   32|    m_axi   |     frame_out     |    pointer   |
|m_axi_frame_out_AWSIZE    | out |    3|    m_axi   |     frame_out     |    pointer   |
|m_axi_frame_out_AWBURST   | out |    2|    m_axi   |     frame_out     |    pointer   |
|m_axi_frame_out_AWLOCK    | out |    2|    m_axi   |     frame_out     |    pointer   |
|m_axi_frame_out_AWCACHE   | out |    4|    m_axi   |     frame_out     |    pointer   |
|m_axi_frame_out_AWPROT    | out |    3|    m_axi   |     frame_out     |    pointer   |
|m_axi_frame_out_AWQOS     | out |    4|    m_axi   |     frame_out     |    pointer   |
|m_axi_frame_out_AWREGION  | out |    4|    m_axi   |     frame_out     |    pointer   |
|m_axi_frame_out_AWUSER    | out |    1|    m_axi   |     frame_out     |    pointer   |
|m_axi_frame_out_WVALID    | out |    1|    m_axi   |     frame_out     |    pointer   |
|m_axi_frame_out_WREADY    |  in |    1|    m_axi   |     frame_out     |    pointer   |
|m_axi_frame_out_WDATA     | out |    8|    m_axi   |     frame_out     |    pointer   |
|m_axi_frame_out_WSTRB     | out |    1|    m_axi   |     frame_out     |    pointer   |
|m_axi_frame_out_WLAST     | out |    1|    m_axi   |     frame_out     |    pointer   |
|m_axi_frame_out_WID       | out |    1|    m_axi   |     frame_out     |    pointer   |
|m_axi_frame_out_WUSER     | out |    1|    m_axi   |     frame_out     |    pointer   |
|m_axi_frame_out_ARVALID   | out |    1|    m_axi   |     frame_out     |    pointer   |
|m_axi_frame_out_ARREADY   |  in |    1|    m_axi   |     frame_out     |    pointer   |
|m_axi_frame_out_ARADDR    | out |   32|    m_axi   |     frame_out     |    pointer   |
|m_axi_frame_out_ARID      | out |    1|    m_axi   |     frame_out     |    pointer   |
|m_axi_frame_out_ARLEN     | out |   32|    m_axi   |     frame_out     |    pointer   |
|m_axi_frame_out_ARSIZE    | out |    3|    m_axi   |     frame_out     |    pointer   |
|m_axi_frame_out_ARBURST   | out |    2|    m_axi   |     frame_out     |    pointer   |
|m_axi_frame_out_ARLOCK    | out |    2|    m_axi   |     frame_out     |    pointer   |
|m_axi_frame_out_ARCACHE   | out |    4|    m_axi   |     frame_out     |    pointer   |
|m_axi_frame_out_ARPROT    | out |    3|    m_axi   |     frame_out     |    pointer   |
|m_axi_frame_out_ARQOS     | out |    4|    m_axi   |     frame_out     |    pointer   |
|m_axi_frame_out_ARREGION  | out |    4|    m_axi   |     frame_out     |    pointer   |
|m_axi_frame_out_ARUSER    | out |    1|    m_axi   |     frame_out     |    pointer   |
|m_axi_frame_out_RVALID    |  in |    1|    m_axi   |     frame_out     |    pointer   |
|m_axi_frame_out_RREADY    | out |    1|    m_axi   |     frame_out     |    pointer   |
|m_axi_frame_out_RDATA     |  in |    8|    m_axi   |     frame_out     |    pointer   |
|m_axi_frame_out_RLAST     |  in |    1|    m_axi   |     frame_out     |    pointer   |
|m_axi_frame_out_RID       |  in |    1|    m_axi   |     frame_out     |    pointer   |
|m_axi_frame_out_RUSER     |  in |    1|    m_axi   |     frame_out     |    pointer   |
|m_axi_frame_out_RRESP     |  in |    2|    m_axi   |     frame_out     |    pointer   |
|m_axi_frame_out_BVALID    |  in |    1|    m_axi   |     frame_out     |    pointer   |
|m_axi_frame_out_BREADY    | out |    1|    m_axi   |     frame_out     |    pointer   |
|m_axi_frame_out_BRESP     |  in |    2|    m_axi   |     frame_out     |    pointer   |
|m_axi_frame_out_BID       |  in |    1|    m_axi   |     frame_out     |    pointer   |
|m_axi_frame_out_BUSER     |  in |    1|    m_axi   |     frame_out     |    pointer   |
|frame_out2                |  in |   32|   ap_none  |     frame_out2    |    scalar    |
|frame_in                  |  in |   32|   ap_none  |      frame_in     |    scalar    |
+--------------------------+-----+-----+------------+-------------------+--------------+

