

================================================================
== Vivado HLS Report for 'bgsub'
================================================================
* Date:           Fri Jan 12 01:07:14 2018

* Version:        2015.4 (Build 1412921 on Wed Nov 18 09:58:55 AM 2015)
* Project:        backsub_gmm_new_180110
* Solution:       solution1
* Product family: zynq
* Target device:  xc7z020clg484-1


================================================================
== Performance Estimates
================================================================
+ Timing (ns): 
    * Summary: 
    +--------+-------+----------+------------+
    |  Clock | Target| Estimated| Uncertainty|
    +--------+-------+----------+------------+
    |ap_clk  |  10.00|      9.58|        1.25|
    +--------+-------+----------+------------+

+ Latency (clock cycles): 
    * Summary: 
    +---------+---------+---------+---------+----------+
    |      Latency      |      Interval     | Pipeline |
    |   min   |   max   |   min   |   max   |   Type   |
    +---------+---------+---------+---------+----------+
    |  1214042|  4362846|  1214043|  4362847| dataflow |
    +---------+---------+---------+---------+----------+

    + Detail: 
        * Instance: 
        +----------------------------+------------------+---------+---------+---------+---------+---------+
        |                            |                  |      Latency      |      Interval     | Pipeline|
        |          Instance          |      Module      |   min   |   max   |   min   |   max   |   Type  |
        +----------------------------+------------------+---------+---------+---------+---------+---------+
        |grp_bgsub_Block_proc_fu_82  |bgsub_Block_proc  |  1214042|  4362846|  1214042|  4362846|   none  |
        +----------------------------+------------------+---------+---------+---------+---------+---------+

        * Loop: 
        N/A



================================================================
== Utilization Estimates
================================================================
* Summary: 
+-----------------+---------+-------+--------+-------+
|       Name      | BRAM_18K| DSP48E|   FF   |  LUT  |
+-----------------+---------+-------+--------+-------+
|DSP              |        -|      -|       -|      -|
|Expression       |        -|      -|       -|      -|
|FIFO             |        -|      -|       -|      -|
|Instance         |       18|     20|    9437|  14442|
|Memory           |        -|      -|       -|      -|
|Multiplexer      |        -|      -|       -|      -|
|Register         |        -|      -|       2|      -|
+-----------------+---------+-------+--------+-------+
|Total            |       18|     20|    9439|  14442|
+-----------------+---------+-------+--------+-------+
|Available        |      280|    220|  106400|  53200|
+-----------------+---------+-------+--------+-------+
|Utilization (%)  |        6|      9|       8|     27|
+-----------------+---------+-------+--------+-------+

+ Detail: 
    * Instance: 
    +---------------------------+-------------------------+---------+-------+------+-------+
    |          Instance         |          Module         | BRAM_18K| DSP48E|  FF  |  LUT  |
    +---------------------------+-------------------------+---------+-------+------+-------+
    |bgsub_AXILiteS_s_axi_U     |bgsub_AXILiteS_s_axi     |        0|      0|   151|    234|
    |bgsub_Block_proc_U0        |bgsub_Block_proc         |       18|     20|  8190|  12808|
    |bgsub_gmem_m_axi_U         |bgsub_gmem_m_axi         |        0|      0|   548|    700|
    |bgsub_gmem_offset_m_axi_U  |bgsub_gmem_offset_m_axi  |        0|      0|   548|    700|
    +---------------------------+-------------------------+---------+-------+------+-------+
    |Total                      |                         |       18|     20|  9437|  14442|
    +---------------------------+-------------------------+---------+-------+------+-------+

    * DSP48: 
    N/A

    * Memory: 
    N/A

    * FIFO: 
    N/A

    * Expression: 
    N/A

    * Multiplexer: 
    N/A

    * Register: 
    +-------------------------------------+---+----+-----+-----------+
    |                 Name                | FF| LUT| Bits| Const Bits|
    +-------------------------------------+---+----+-----+-----------+
    |ap_CS                                |  1|   0|    1|          0|
    |ap_reg_procdone_bgsub_Block_proc_U0  |  1|   0|    1|          0|
    +-------------------------------------+---+----+-----+-----------+
    |Total                                |  2|   0|    2|          0|
    +-------------------------------------+---+----+-----+-----------+



================================================================
== Interface
================================================================
* Summary: 
+----------------------------+-----+-----+------------+--------------+--------------+
|          RTL Ports         | Dir | Bits|  Protocol  | Source Object|    C Type    |
+----------------------------+-----+-----+------------+--------------+--------------+
|s_axi_AXILiteS_AWVALID      |  in |    1|    s_axi   |   AXILiteS   |    scalar    |
|s_axi_AXILiteS_AWREADY      | out |    1|    s_axi   |   AXILiteS   |    scalar    |
|s_axi_AXILiteS_AWADDR       |  in |    6|    s_axi   |   AXILiteS   |    scalar    |
|s_axi_AXILiteS_WVALID       |  in |    1|    s_axi   |   AXILiteS   |    scalar    |
|s_axi_AXILiteS_WREADY       | out |    1|    s_axi   |   AXILiteS   |    scalar    |
|s_axi_AXILiteS_WDATA        |  in |   32|    s_axi   |   AXILiteS   |    scalar    |
|s_axi_AXILiteS_WSTRB        |  in |    4|    s_axi   |   AXILiteS   |    scalar    |
|s_axi_AXILiteS_ARVALID      |  in |    1|    s_axi   |   AXILiteS   |    scalar    |
|s_axi_AXILiteS_ARREADY      | out |    1|    s_axi   |   AXILiteS   |    scalar    |
|s_axi_AXILiteS_ARADDR       |  in |    6|    s_axi   |   AXILiteS   |    scalar    |
|s_axi_AXILiteS_RVALID       | out |    1|    s_axi   |   AXILiteS   |    scalar    |
|s_axi_AXILiteS_RREADY       |  in |    1|    s_axi   |   AXILiteS   |    scalar    |
|s_axi_AXILiteS_RDATA        | out |   32|    s_axi   |   AXILiteS   |    scalar    |
|s_axi_AXILiteS_RRESP        | out |    2|    s_axi   |   AXILiteS   |    scalar    |
|s_axi_AXILiteS_BVALID       | out |    1|    s_axi   |   AXILiteS   |    scalar    |
|s_axi_AXILiteS_BREADY       |  in |    1|    s_axi   |   AXILiteS   |    scalar    |
|s_axi_AXILiteS_BRESP        | out |    2|    s_axi   |   AXILiteS   |    scalar    |
|ap_clk                      |  in |    1| ap_ctrl_hs |     bgsub    | return value |
|ap_rst_n                    |  in |    1| ap_ctrl_hs |     bgsub    | return value |
|ap_done                     | out |    1| ap_ctrl_hs |     bgsub    | return value |
|ap_start                    |  in |    1| ap_ctrl_hs |     bgsub    | return value |
|ap_idle                     | out |    1| ap_ctrl_hs |     bgsub    | return value |
|ap_ready                    | out |    1| ap_ctrl_hs |     bgsub    | return value |
|m_axi_gmem_AWVALID          | out |    1|    m_axi   |     gmem     |    pointer   |
|m_axi_gmem_AWREADY          |  in |    1|    m_axi   |     gmem     |    pointer   |
|m_axi_gmem_AWADDR           | out |   32|    m_axi   |     gmem     |    pointer   |
|m_axi_gmem_AWID             | out |    1|    m_axi   |     gmem     |    pointer   |
|m_axi_gmem_AWLEN            | out |    8|    m_axi   |     gmem     |    pointer   |
|m_axi_gmem_AWSIZE           | out |    3|    m_axi   |     gmem     |    pointer   |
|m_axi_gmem_AWBURST          | out |    2|    m_axi   |     gmem     |    pointer   |
|m_axi_gmem_AWLOCK           | out |    2|    m_axi   |     gmem     |    pointer   |
|m_axi_gmem_AWCACHE          | out |    4|    m_axi   |     gmem     |    pointer   |
|m_axi_gmem_AWPROT           | out |    3|    m_axi   |     gmem     |    pointer   |
|m_axi_gmem_AWQOS            | out |    4|    m_axi   |     gmem     |    pointer   |
|m_axi_gmem_AWREGION         | out |    4|    m_axi   |     gmem     |    pointer   |
|m_axi_gmem_AWUSER           | out |    1|    m_axi   |     gmem     |    pointer   |
|m_axi_gmem_WVALID           | out |    1|    m_axi   |     gmem     |    pointer   |
|m_axi_gmem_WREADY           |  in |    1|    m_axi   |     gmem     |    pointer   |
|m_axi_gmem_WDATA            | out |   32|    m_axi   |     gmem     |    pointer   |
|m_axi_gmem_WSTRB            | out |    4|    m_axi   |     gmem     |    pointer   |
|m_axi_gmem_WLAST            | out |    1|    m_axi   |     gmem     |    pointer   |
|m_axi_gmem_WID              | out |    1|    m_axi   |     gmem     |    pointer   |
|m_axi_gmem_WUSER            | out |    1|    m_axi   |     gmem     |    pointer   |
|m_axi_gmem_ARVALID          | out |    1|    m_axi   |     gmem     |    pointer   |
|m_axi_gmem_ARREADY          |  in |    1|    m_axi   |     gmem     |    pointer   |
|m_axi_gmem_ARADDR           | out |   32|    m_axi   |     gmem     |    pointer   |
|m_axi_gmem_ARID             | out |    1|    m_axi   |     gmem     |    pointer   |
|m_axi_gmem_ARLEN            | out |    8|    m_axi   |     gmem     |    pointer   |
|m_axi_gmem_ARSIZE           | out |    3|    m_axi   |     gmem     |    pointer   |
|m_axi_gmem_ARBURST          | out |    2|    m_axi   |     gmem     |    pointer   |
|m_axi_gmem_ARLOCK           | out |    2|    m_axi   |     gmem     |    pointer   |
|m_axi_gmem_ARCACHE          | out |    4|    m_axi   |     gmem     |    pointer   |
|m_axi_gmem_ARPROT           | out |    3|    m_axi   |     gmem     |    pointer   |
|m_axi_gmem_ARQOS            | out |    4|    m_axi   |     gmem     |    pointer   |
|m_axi_gmem_ARREGION         | out |    4|    m_axi   |     gmem     |    pointer   |
|m_axi_gmem_ARUSER           | out |    1|    m_axi   |     gmem     |    pointer   |
|m_axi_gmem_RVALID           |  in |    1|    m_axi   |     gmem     |    pointer   |
|m_axi_gmem_RREADY           | out |    1|    m_axi   |     gmem     |    pointer   |
|m_axi_gmem_RDATA            |  in |   32|    m_axi   |     gmem     |    pointer   |
|m_axi_gmem_RLAST            |  in |    1|    m_axi   |     gmem     |    pointer   |
|m_axi_gmem_RID              |  in |    1|    m_axi   |     gmem     |    pointer   |
|m_axi_gmem_RUSER            |  in |    1|    m_axi   |     gmem     |    pointer   |
|m_axi_gmem_RRESP            |  in |    2|    m_axi   |     gmem     |    pointer   |
|m_axi_gmem_BVALID           |  in |    1|    m_axi   |     gmem     |    pointer   |
|m_axi_gmem_BREADY           | out |    1|    m_axi   |     gmem     |    pointer   |
|m_axi_gmem_BRESP            |  in |    2|    m_axi   |     gmem     |    pointer   |
|m_axi_gmem_BID              |  in |    1|    m_axi   |     gmem     |    pointer   |
|m_axi_gmem_BUSER            |  in |    1|    m_axi   |     gmem     |    pointer   |
|m_axi_gmem_offset_AWVALID   | out |    1|    m_axi   |  gmem_offset |    pointer   |
|m_axi_gmem_offset_AWREADY   |  in |    1|    m_axi   |  gmem_offset |    pointer   |
|m_axi_gmem_offset_AWADDR    | out |   32|    m_axi   |  gmem_offset |    pointer   |
|m_axi_gmem_offset_AWID      | out |    1|    m_axi   |  gmem_offset |    pointer   |
|m_axi_gmem_offset_AWLEN     | out |    8|    m_axi   |  gmem_offset |    pointer   |
|m_axi_gmem_offset_AWSIZE    | out |    3|    m_axi   |  gmem_offset |    pointer   |
|m_axi_gmem_offset_AWBURST   | out |    2|    m_axi   |  gmem_offset |    pointer   |
|m_axi_gmem_offset_AWLOCK    | out |    2|    m_axi   |  gmem_offset |    pointer   |
|m_axi_gmem_offset_AWCACHE   | out |    4|    m_axi   |  gmem_offset |    pointer   |
|m_axi_gmem_offset_AWPROT    | out |    3|    m_axi   |  gmem_offset |    pointer   |
|m_axi_gmem_offset_AWQOS     | out |    4|    m_axi   |  gmem_offset |    pointer   |
|m_axi_gmem_offset_AWREGION  | out |    4|    m_axi   |  gmem_offset |    pointer   |
|m_axi_gmem_offset_AWUSER    | out |    1|    m_axi   |  gmem_offset |    pointer   |
|m_axi_gmem_offset_WVALID    | out |    1|    m_axi   |  gmem_offset |    pointer   |
|m_axi_gmem_offset_WREADY    |  in |    1|    m_axi   |  gmem_offset |    pointer   |
|m_axi_gmem_offset_WDATA     | out |   32|    m_axi   |  gmem_offset |    pointer   |
|m_axi_gmem_offset_WSTRB     | out |    4|    m_axi   |  gmem_offset |    pointer   |
|m_axi_gmem_offset_WLAST     | out |    1|    m_axi   |  gmem_offset |    pointer   |
|m_axi_gmem_offset_WID       | out |    1|    m_axi   |  gmem_offset |    pointer   |
|m_axi_gmem_offset_WUSER     | out |    1|    m_axi   |  gmem_offset |    pointer   |
|m_axi_gmem_offset_ARVALID   | out |    1|    m_axi   |  gmem_offset |    pointer   |
|m_axi_gmem_offset_ARREADY   |  in |    1|    m_axi   |  gmem_offset |    pointer   |
|m_axi_gmem_offset_ARADDR    | out |   32|    m_axi   |  gmem_offset |    pointer   |
|m_axi_gmem_offset_ARID      | out |    1|    m_axi   |  gmem_offset |    pointer   |
|m_axi_gmem_offset_ARLEN     | out |    8|    m_axi   |  gmem_offset |    pointer   |
|m_axi_gmem_offset_ARSIZE    | out |    3|    m_axi   |  gmem_offset |    pointer   |
|m_axi_gmem_offset_ARBURST   | out |    2|    m_axi   |  gmem_offset |    pointer   |
|m_axi_gmem_offset_ARLOCK    | out |    2|    m_axi   |  gmem_offset |    pointer   |
|m_axi_gmem_offset_ARCACHE   | out |    4|    m_axi   |  gmem_offset |    pointer   |
|m_axi_gmem_offset_ARPROT    | out |    3|    m_axi   |  gmem_offset |    pointer   |
|m_axi_gmem_offset_ARQOS     | out |    4|    m_axi   |  gmem_offset |    pointer   |
|m_axi_gmem_offset_ARREGION  | out |    4|    m_axi   |  gmem_offset |    pointer   |
|m_axi_gmem_offset_ARUSER    | out |    1|    m_axi   |  gmem_offset |    pointer   |
|m_axi_gmem_offset_RVALID    |  in |    1|    m_axi   |  gmem_offset |    pointer   |
|m_axi_gmem_offset_RREADY    | out |    1|    m_axi   |  gmem_offset |    pointer   |
|m_axi_gmem_offset_RDATA     |  in |   32|    m_axi   |  gmem_offset |    pointer   |
|m_axi_gmem_offset_RLAST     |  in |    1|    m_axi   |  gmem_offset |    pointer   |
|m_axi_gmem_offset_RID       |  in |    1|    m_axi   |  gmem_offset |    pointer   |
|m_axi_gmem_offset_RUSER     |  in |    1|    m_axi   |  gmem_offset |    pointer   |
|m_axi_gmem_offset_RRESP     |  in |    2|    m_axi   |  gmem_offset |    pointer   |
|m_axi_gmem_offset_BVALID    |  in |    1|    m_axi   |  gmem_offset |    pointer   |
|m_axi_gmem_offset_BREADY    | out |    1|    m_axi   |  gmem_offset |    pointer   |
|m_axi_gmem_offset_BRESP     |  in |    2|    m_axi   |  gmem_offset |    pointer   |
|m_axi_gmem_offset_BID       |  in |    1|    m_axi   |  gmem_offset |    pointer   |
|m_axi_gmem_offset_BUSER     |  in |    1|    m_axi   |  gmem_offset |    pointer   |
+----------------------------+-----+-----+------------+--------------+--------------+

